Train/annotations/01_00280.txt
Train/annotations/01_00281.txt
Train/annotations/01_00282.txt
Train/annotations/01_00283.txt
Train/annotations/01_00284.txt
Train/annotations/01_00285.txt
Train/annotations/01_00286.txt
Train/annotations/01_00287.txt
Train/annotations/01_00288.txt
Train/annotations/01_00289.txt
Train/annotations/01_00290.txt
Train/annotations/01_00291.txt
Train/annotations/01_00292.txt
Train/annotations/01_00293.txt
Train/annotations/01_00294.txt
Train/annotations/01_00295.txt
Train/annotations/01_00296.txt
Train/annotations/01_00297.txt
Train/annotations/01_00298.txt
Train/annotations/01_00299.txt
Train/annotations/01_00300.txt
Train/annotations/01_00301.txt
Train/annotations/01_00302.txt
Train/annotations/01_00303.txt
Train/annotations/01_00304.txt
Train/annotations/01_00305.txt
Train/annotations/01_00306.txt
Train/annotations/01_00307.txt
Train/annotations/01_00308.txt
Train/annotations/01_00309.txt
Train/annotations/01_00310.txt
Train/annotations/01_00311.txt
Train/annotations/01_00312.txt
Train/annotations/01_00313.txt
Train/annotations/01_00314.txt
Train/annotations/01_00315.txt
Train/annotations/01_00316.txt
Train/annotations/01_00317.txt
Train/annotations/01_00318.txt
Train/annotations/01_00319.txt
Train/annotations/01_00320.txt
Train/annotations/01_00321.txt
Train/annotations/01_00322.txt
Train/annotations/01_00323.txt
Train/annotations/01_00324.txt
Train/annotations/01_00325.txt
Train/annotations/01_00326.txt
Train/annotations/01_00327.txt
Train/annotations/01_00328.txt
Train/annotations/01_00329.txt
Train/annotations/01_00330.txt
Train/annotations/01_00331.txt
Train/annotations/01_00332.txt
Train/annotations/01_00333.txt
Train/annotations/01_00334.txt
Train/annotations/01_00335.txt
Train/annotations/01_00336.txt
Train/annotations/01_00337.txt
Train/annotations/01_00338.txt
Train/annotations/01_00339.txt
Train/annotations/01_00340.txt
Train/annotations/01_00341.txt
Train/annotations/01_00342.txt
Train/annotations/01_00343.txt
Train/annotations/01_00344.txt
Train/annotations/01_00345.txt
Train/annotations/01_00346.txt
Train/annotations/01_00347.txt
Train/annotations/01_00348.txt
Train/annotations/01_00349.txt
Train/annotations/01_00350.txt
Train/annotations/01_00351.txt
Train/annotations/01_00352.txt
Train/annotations/01_00353.txt
Train/annotations/01_00354.txt
Train/annotations/01_00355.txt
Train/annotations/01_00356.txt
Train/annotations/01_00357.txt
Train/annotations/01_00358.txt
Train/annotations/01_00359.txt
Train/annotations/01_00360.txt
Train/annotations/01_00361.txt
Train/annotations/01_00362.txt
Train/annotations/01_00363.txt
Train/annotations/01_00364.txt
Train/annotations/01_00365.txt
Train/annotations/01_00366.txt
Train/annotations/01_00367.txt
Train/annotations/01_00368.txt
Train/annotations/01_00369.txt
Train/annotations/01_00370.txt
Train/annotations/01_00371.txt
Train/annotations/01_00372.txt
Train/annotations/01_00373.txt
Train/annotations/01_00374.txt
Train/annotations/01_00375.txt
Train/annotations/01_00376.txt
Train/annotations/01_00377.txt
Train/annotations/01_00378.txt
Train/annotations/01_00379.txt
Train/annotations/01_00380.txt
Train/annotations/01_00381.txt
Train/annotations/01_00382.txt
Train/annotations/01_00383.txt
Train/annotations/01_00384.txt
Train/annotations/01_00385.txt
Train/annotations/01_00386.txt
Train/annotations/01_00387.txt
Train/annotations/01_00388.txt
Train/annotations/01_00389.txt
Train/annotations/01_00390.txt
Train/annotations/01_00391.txt
Train/annotations/01_00392.txt
Train/annotations/01_00393.txt
Train/annotations/01_00394.txt
Train/annotations/01_00395.txt
Train/annotations/01_00396.txt
Train/annotations/01_00397.txt
Train/annotations/01_00398.txt
Train/annotations/01_00399.txt
Train/annotations/01_00400.txt
Train/annotations/01_00401.txt
Train/annotations/01_00402.txt
Train/annotations/01_00403.txt
Train/annotations/01_00404.txt
Train/annotations/01_00405.txt
Train/annotations/01_00406.txt
Train/annotations/01_00407.txt
Train/annotations/01_00408.txt
Train/annotations/01_00409.txt
Train/annotations/01_00410.txt
Train/annotations/01_00411.txt
Train/annotations/01_00412.txt
Train/annotations/01_00413.txt
Train/annotations/01_00414.txt
Train/annotations/01_00415.txt
Train/annotations/01_00416.txt
Train/annotations/01_00417.txt
Train/annotations/01_00418.txt
Train/annotations/01_00419.txt
Train/annotations/01_00420.txt
Train/annotations/01_00421.txt
Train/annotations/01_00422.txt
Train/annotations/01_00423.txt
Train/annotations/01_00424.txt
Train/annotations/01_00425.txt
Train/annotations/01_00426.txt
Train/annotations/01_00427.txt
Train/annotations/01_00428.txt
Train/annotations/01_00429.txt
Train/annotations/01_00430.txt
Train/annotations/01_00431.txt
Train/annotations/01_00432.txt
Train/annotations/01_00433.txt
Train/annotations/01_00434.txt
Train/annotations/01_00435.txt
Train/annotations/01_00436.txt
Train/annotations/01_00437.txt
Train/annotations/01_00438.txt
Train/annotations/01_00439.txt
Train/annotations/01_00440.txt
Train/annotations/01_00441.txt
Train/annotations/01_00442.txt
Train/annotations/01_00443.txt
Train/annotations/01_00444.txt
Train/annotations/01_00445.txt
Train/annotations/01_00446.txt
Train/annotations/01_00447.txt
Train/annotations/01_00448.txt
Train/annotations/01_00449.txt
Train/annotations/01_00450.txt
Train/annotations/01_00451.txt
Train/annotations/01_00452.txt
Train/annotations/01_00453.txt
Train/annotations/01_00454.txt
Train/annotations/01_00455.txt
Train/annotations/01_00456.txt
Train/annotations/01_00457.txt
Train/annotations/01_00458.txt
Train/annotations/01_00459.txt
Train/annotations/01_00460.txt
Train/annotations/01_00461.txt
Train/annotations/01_00462.txt
Train/annotations/01_00463.txt
Train/annotations/01_00464.txt
Train/annotations/01_00465.txt
Train/annotations/01_00466.txt
Train/annotations/01_00467.txt
Train/annotations/01_00468.txt
Train/annotations/01_00469.txt
Train/annotations/01_00470.txt
Train/annotations/01_00471.txt
Train/annotations/01_00472.txt
Train/annotations/01_00473.txt
Train/annotations/01_00474.txt
Train/annotations/01_00475.txt
Train/annotations/01_00476.txt
Train/annotations/01_00477.txt
Train/annotations/01_00478.txt
Train/annotations/01_00479.txt
Train/annotations/01_00480.txt
Train/annotations/01_00481.txt
Train/annotations/01_00482.txt
Train/annotations/01_00483.txt
Train/annotations/01_00484.txt
Train/annotations/01_00485.txt
Train/annotations/01_00486.txt
Train/annotations/01_00487.txt
Train/annotations/01_00488.txt
Train/annotations/01_00489.txt
Train/annotations/01_00490.txt
Train/annotations/01_00491.txt
Train/annotations/01_00492.txt
Train/annotations/01_00493.txt
Train/annotations/01_00494.txt
Train/annotations/01_00495.txt
Train/annotations/01_00496.txt
Train/annotations/01_00497.txt
Train/annotations/01_00498.txt
Train/annotations/01_00499.txt
Train/annotations/01_00500.txt
Train/annotations/01_00501.txt
Train/annotations/01_00502.txt
Train/annotations/01_00503.txt
Train/annotations/01_00504.txt
Train/annotations/01_00505.txt
Train/annotations/01_00506.txt
Train/annotations/01_00507.txt
Train/annotations/01_00508.txt
Train/annotations/01_00509.txt
Train/annotations/01_00510.txt
Train/annotations/01_00511.txt
Train/annotations/01_00512.txt
Train/annotations/01_00513.txt
Train/annotations/01_00514.txt
Train/annotations/01_00515.txt
Train/annotations/01_00516.txt
Train/annotations/01_00517.txt
Train/annotations/01_00518.txt
Train/annotations/01_00519.txt
Train/annotations/01_00520.txt
Train/annotations/01_00521.txt
Train/annotations/01_00522.txt
Train/annotations/01_00523.txt
Train/annotations/01_00524.txt
Train/annotations/01_00525.txt
Train/annotations/01_00526.txt
Train/annotations/01_00527.txt
Train/annotations/01_00528.txt
Train/annotations/01_00529.txt
Train/annotations/01_00530.txt
Train/annotations/01_00531.txt
Train/annotations/01_00532.txt
Train/annotations/01_00533.txt
Train/annotations/01_00534.txt
Train/annotations/01_00535.txt
Train/annotations/01_00536.txt
Train/annotations/01_00537.txt
Train/annotations/01_00538.txt
Train/annotations/01_00539.txt
Train/annotations/01_00540.txt
Train/annotations/01_00541.txt
Train/annotations/01_00542.txt
Train/annotations/01_00543.txt
Train/annotations/01_00544.txt
Train/annotations/01_00545.txt
Train/annotations/01_00546.txt
Train/annotations/01_00547.txt
Train/annotations/01_00548.txt
Train/annotations/01_00549.txt
Train/annotations/01_00550.txt
Train/annotations/01_00551.txt
Train/annotations/01_00552.txt
Train/annotations/01_00553.txt
Train/annotations/01_00554.txt
Train/annotations/01_00555.txt
Train/annotations/01_00556.txt
Train/annotations/01_00557.txt
Train/annotations/01_00558.txt
Train/annotations/01_00559.txt
Train/annotations/01_00560.txt
Train/annotations/01_00561.txt
Train/annotations/01_00562.txt
Train/annotations/01_00563.txt
Train/annotations/01_00564.txt
Train/annotations/01_00565.txt
Train/annotations/01_00566.txt
Train/annotations/01_00567.txt
Train/annotations/01_00568.txt
Train/annotations/01_00569.txt
Train/annotations/01_00570.txt
Train/annotations/01_00571.txt
Train/annotations/01_00572.txt
Train/annotations/01_00573.txt
Train/annotations/01_00574.txt
Train/annotations/01_00575.txt
Train/annotations/01_00576.txt
Train/annotations/01_00577.txt
Train/annotations/01_00578.txt
Train/annotations/01_00579.txt
Train/annotations/01_00580.txt
Train/annotations/01_00581.txt
Train/annotations/01_00582.txt
Train/annotations/01_00583.txt
Train/annotations/01_00584.txt
Train/annotations/01_00585.txt
Train/annotations/01_00586.txt
Train/annotations/01_00587.txt
Train/annotations/01_00588.txt
Train/annotations/01_00589.txt
Train/annotations/01_00590.txt
Train/annotations/01_00591.txt
Train/annotations/01_00592.txt
Train/annotations/01_00593.txt
Train/annotations/01_00594.txt
Train/annotations/01_00595.txt
Train/annotations/01_00596.txt
Train/annotations/01_00597.txt
Train/annotations/01_00598.txt
Train/annotations/01_00599.txt
Train/annotations/01_00600.txt
Train/annotations/01_00601.txt
Train/annotations/01_00602.txt
Train/annotations/01_00603.txt
Train/annotations/01_00604.txt
Train/annotations/01_00605.txt
Train/annotations/01_00606.txt
Train/annotations/01_00607.txt
Train/annotations/01_00608.txt
Train/annotations/01_00609.txt
Train/annotations/01_00610.txt
Train/annotations/01_00611.txt
Train/annotations/01_00612.txt
Train/annotations/01_00613.txt
Train/annotations/01_00614.txt
Train/annotations/01_00615.txt
Train/annotations/01_00616.txt
Train/annotations/01_00617.txt
Train/annotations/01_00618.txt
Train/annotations/01_00619.txt
Train/annotations/01_00620.txt
Train/annotations/01_00621.txt
Train/annotations/01_00622.txt
Train/annotations/01_00623.txt
Train/annotations/01_00624.txt
Train/annotations/01_00625.txt
Train/annotations/01_00626.txt
Train/annotations/01_00627.txt
Train/annotations/01_00628.txt
Train/annotations/01_00629.txt
Train/annotations/01_00630.txt
Train/annotations/01_00631.txt
Train/annotations/01_00632.txt
Train/annotations/01_00633.txt
Train/annotations/01_00634.txt
Train/annotations/01_00635.txt
Train/annotations/01_00636.txt
Train/annotations/01_00637.txt
Train/annotations/01_00638.txt
Train/annotations/01_00639.txt
Train/annotations/01_00640.txt
Train/annotations/01_00641.txt
Train/annotations/01_00642.txt
Train/annotations/01_00643.txt
Train/annotations/01_00644.txt
Train/annotations/01_00645.txt
Train/annotations/01_00646.txt
Train/annotations/01_00647.txt
Train/annotations/01_00648.txt
Train/annotations/01_00649.txt
Train/annotations/01_00650.txt
Train/annotations/01_00651.txt
Train/annotations/01_00652.txt
Train/annotations/01_00653.txt
Train/annotations/01_00654.txt
Train/annotations/01_00655.txt
Train/annotations/01_00656.txt
Train/annotations/01_00657.txt
Train/annotations/01_00658.txt
Train/annotations/01_00659.txt
Train/annotations/01_00660.txt
Train/annotations/01_00661.txt
Train/annotations/01_00662.txt
Train/annotations/01_00663.txt
Train/annotations/01_00664.txt
Train/annotations/01_00665.txt
Train/annotations/01_00666.txt
Train/annotations/01_00667.txt
Train/annotations/01_00668.txt
Train/annotations/01_00669.txt
Train/annotations/01_00670.txt
Train/annotations/01_00671.txt
Train/annotations/01_00672.txt
Train/annotations/01_00673.txt
Train/annotations/01_00674.txt
Train/annotations/01_00675.txt
Train/annotations/01_00676.txt
Train/annotations/01_00677.txt
Train/annotations/01_00678.txt
Train/annotations/01_00679.txt
Train/annotations/01_00680.txt
Train/annotations/01_00681.txt
Train/annotations/01_00682.txt
Train/annotations/01_00683.txt
Train/annotations/01_00684.txt
Train/annotations/01_00685.txt
Train/annotations/01_00686.txt
Train/annotations/01_00687.txt
Train/annotations/01_00688.txt
Train/annotations/01_00689.txt
Train/annotations/01_00690.txt
Train/annotations/01_00691.txt
Train/annotations/01_00692.txt
Train/annotations/01_00693.txt
Train/annotations/01_00694.txt
Train/annotations/01_00695.txt
Train/annotations/01_00696.txt
Train/annotations/01_00697.txt
Train/annotations/01_00698.txt
Train/annotations/01_00699.txt
Train/annotations/01_00700.txt
Train/annotations/01_00701.txt
Train/annotations/01_00702.txt
Train/annotations/01_00703.txt
Train/annotations/01_00704.txt
Train/annotations/01_00705.txt
Train/annotations/01_00706.txt
Train/annotations/01_00707.txt
Train/annotations/01_00708.txt
Train/annotations/01_00709.txt
Train/annotations/01_00710.txt
Train/annotations/01_00711.txt
Train/annotations/01_00712.txt
Train/annotations/01_00713.txt
Train/annotations/01_00714.txt
Train/annotations/01_00715.txt
Train/annotations/01_00716.txt
Train/annotations/01_00717.txt
Train/annotations/01_00718.txt
Train/annotations/01_00719.txt
Train/annotations/01_00720.txt
Train/annotations/01_00721.txt
Train/annotations/01_00722.txt
Train/annotations/01_00723.txt
Train/annotations/01_00724.txt
Train/annotations/01_00725.txt
Train/annotations/01_00726.txt
Train/annotations/01_00727.txt
Train/annotations/01_00728.txt
Train/annotations/01_00729.txt
Train/annotations/01_00730.txt
Train/annotations/01_00731.txt
Train/annotations/01_00732.txt
Train/annotations/01_00733.txt
Train/annotations/01_00734.txt
Train/annotations/01_00735.txt
Train/annotations/01_00736.txt
Train/annotations/01_00737.txt
Train/annotations/01_00738.txt
Train/annotations/01_00739.txt
Train/annotations/01_00740.txt
Train/annotations/01_00741.txt
Train/annotations/01_00742.txt
Train/annotations/01_00743.txt
Train/annotations/01_00744.txt
Train/annotations/01_00745.txt
Train/annotations/01_00746.txt
Train/annotations/01_00747.txt
Train/annotations/01_00748.txt
Train/annotations/01_00749.txt
Train/annotations/01_00750.txt
Train/annotations/01_00751.txt
Train/annotations/01_00752.txt
Train/annotations/01_00753.txt
Train/annotations/01_00754.txt
Train/annotations/01_00755.txt
Train/annotations/01_00756.txt
Train/annotations/01_00757.txt
Train/annotations/01_00758.txt
Train/annotations/01_00759.txt
Train/annotations/01_00760.txt
Train/annotations/01_00761.txt
Train/annotations/01_00762.txt
Train/annotations/01_00763.txt
Train/annotations/01_00764.txt
Train/annotations/01_00765.txt
Train/annotations/01_00766.txt
Train/annotations/01_00767.txt
Train/annotations/01_00768.txt
Train/annotations/01_00769.txt
Train/annotations/01_00770.txt
Train/annotations/01_00771.txt
Train/annotations/01_00772.txt
Train/annotations/01_00773.txt
Train/annotations/01_00774.txt
Train/annotations/01_00775.txt
Train/annotations/01_00776.txt
Train/annotations/01_00777.txt
Train/annotations/01_00778.txt
Train/annotations/01_00779.txt
Train/annotations/01_00780.txt
Train/annotations/01_00781.txt
Train/annotations/01_00782.txt
Train/annotations/01_00783.txt
Train/annotations/01_00784.txt
Train/annotations/01_00785.txt
Train/annotations/01_00786.txt
Train/annotations/01_00787.txt
Train/annotations/01_00788.txt
Train/annotations/01_00789.txt
Train/annotations/01_00790.txt
Train/annotations/01_00791.txt
Train/annotations/01_00792.txt
Train/annotations/01_00793.txt
Train/annotations/01_00794.txt
Train/annotations/01_00795.txt
Train/annotations/01_00796.txt
Train/annotations/01_00797.txt
Train/annotations/01_00798.txt
Train/annotations/01_00799.txt
Train/annotations/01_00800.txt
Train/annotations/01_00801.txt
Train/annotations/01_00802.txt
Train/annotations/01_00803.txt
Train/annotations/01_00804.txt
Train/annotations/01_00805.txt
Train/annotations/01_00806.txt
Train/annotations/01_00807.txt
Train/annotations/01_00808.txt
Train/annotations/01_00809.txt
Train/annotations/01_00810.txt
Train/annotations/01_00811.txt
Train/annotations/01_00812.txt
Train/annotations/01_00813.txt
Train/annotations/01_00814.txt
Train/annotations/01_00815.txt
Train/annotations/01_00816.txt
Train/annotations/01_00817.txt
Train/annotations/01_00818.txt
Train/annotations/01_00819.txt
Train/annotations/01_00820.txt
Train/annotations/01_00821.txt
Train/annotations/01_00822.txt
Train/annotations/01_00823.txt
Train/annotations/01_00824.txt
Train/annotations/01_00825.txt
Train/annotations/01_00826.txt
Train/annotations/01_00827.txt
Train/annotations/01_00828.txt
Train/annotations/01_00829.txt
Train/annotations/01_00830.txt
Train/annotations/01_00831.txt
Train/annotations/01_00832.txt
Train/annotations/01_00833.txt
Train/annotations/01_00834.txt
Train/annotations/01_00835.txt
Train/annotations/01_00836.txt
Train/annotations/01_00837.txt
Train/annotations/01_00838.txt
Train/annotations/01_00839.txt
Train/annotations/01_00840.txt
Train/annotations/01_00841.txt
Train/annotations/01_00842.txt
Train/annotations/01_00843.txt
Train/annotations/01_00844.txt
Train/annotations/01_00845.txt
Train/annotations/01_00846.txt
Train/annotations/01_00847.txt
Train/annotations/01_00848.txt
Train/annotations/01_00849.txt
Train/annotations/01_00850.txt
Train/annotations/01_00851.txt
Train/annotations/01_00852.txt
Train/annotations/01_00853.txt
Train/annotations/01_00854.txt
Train/annotations/01_00855.txt
Train/annotations/01_00856.txt
Train/annotations/01_00857.txt
Train/annotations/01_00858.txt
Train/annotations/01_00859.txt
Train/annotations/01_00860.txt
Train/annotations/01_00861.txt
Train/annotations/01_00862.txt
Train/annotations/01_00863.txt
Train/annotations/01_00864.txt
Train/annotations/01_00865.txt
Train/annotations/01_00866.txt
Train/annotations/01_00867.txt
Train/annotations/01_00868.txt
Train/annotations/01_00869.txt
Train/annotations/01_00870.txt
Train/annotations/01_00871.txt
Train/annotations/01_00872.txt
Train/annotations/01_00873.txt
Train/annotations/01_00874.txt
Train/annotations/01_00875.txt
Train/annotations/01_00876.txt
Train/annotations/01_00877.txt
Train/annotations/01_00878.txt
Train/annotations/01_00879.txt
Train/annotations/01_00880.txt
Train/annotations/02_00180.txt
Train/annotations/02_00181.txt
Train/annotations/02_00182.txt
Train/annotations/02_00183.txt
Train/annotations/02_00184.txt
Train/annotations/02_00185.txt
Train/annotations/02_00186.txt
Train/annotations/02_00187.txt
Train/annotations/02_00188.txt
Train/annotations/02_00189.txt
Train/annotations/02_00190.txt
Train/annotations/02_00191.txt
Train/annotations/02_00192.txt
Train/annotations/02_00193.txt
Train/annotations/02_00194.txt
Train/annotations/02_00195.txt
Train/annotations/02_00196.txt
Train/annotations/02_00197.txt
Train/annotations/02_00198.txt
Train/annotations/02_00199.txt
Train/annotations/02_00200.txt
Train/annotations/02_00201.txt
Train/annotations/02_00202.txt
Train/annotations/02_00203.txt
Train/annotations/02_00204.txt
Train/annotations/02_00205.txt
Train/annotations/02_00206.txt
Train/annotations/02_00207.txt
Train/annotations/02_00208.txt
Train/annotations/02_00209.txt
Train/annotations/02_00210.txt
Train/annotations/02_00211.txt
Train/annotations/02_00212.txt
Train/annotations/02_00213.txt
Train/annotations/02_00214.txt
Train/annotations/02_00215.txt
Train/annotations/02_00216.txt
Train/annotations/02_00217.txt
Train/annotations/02_00218.txt
Train/annotations/02_00219.txt
Train/annotations/02_00220.txt
Train/annotations/02_00221.txt
Train/annotations/02_00222.txt
Train/annotations/02_00223.txt
Train/annotations/02_00224.txt
Train/annotations/02_00225.txt
Train/annotations/02_00226.txt
Train/annotations/02_00227.txt
Train/annotations/02_00228.txt
Train/annotations/02_00229.txt
Train/annotations/02_00230.txt
Train/annotations/02_00231.txt
Train/annotations/02_00232.txt
Train/annotations/02_00233.txt
Train/annotations/02_00234.txt
Train/annotations/02_00235.txt
Train/annotations/02_00236.txt
Train/annotations/02_00237.txt
Train/annotations/02_00238.txt
Train/annotations/02_00239.txt
Train/annotations/02_00240.txt
Train/annotations/02_00241.txt
Train/annotations/02_00242.txt
Train/annotations/02_00243.txt
Train/annotations/02_00244.txt
Train/annotations/02_00245.txt
Train/annotations/02_00246.txt
Train/annotations/02_00247.txt
Train/annotations/02_00248.txt
Train/annotations/02_00249.txt
Train/annotations/02_00250.txt
Train/annotations/02_00251.txt
Train/annotations/02_00252.txt
Train/annotations/02_00253.txt
Train/annotations/02_00254.txt
Train/annotations/02_00255.txt
Train/annotations/02_00256.txt
Train/annotations/02_00257.txt
Train/annotations/02_00258.txt
Train/annotations/02_00259.txt
Train/annotations/02_00260.txt
Train/annotations/02_00261.txt
Train/annotations/02_00262.txt
Train/annotations/02_00263.txt
Train/annotations/02_00264.txt
Train/annotations/02_00265.txt
Train/annotations/02_00266.txt
Train/annotations/02_00267.txt
Train/annotations/02_00268.txt
Train/annotations/02_00269.txt
Train/annotations/02_00270.txt
Train/annotations/02_00271.txt
Train/annotations/02_00272.txt
Train/annotations/02_00273.txt
Train/annotations/02_00274.txt
Train/annotations/02_00275.txt
Train/annotations/02_00276.txt
Train/annotations/02_00277.txt
Train/annotations/02_00278.txt
Train/annotations/02_00279.txt
Train/annotations/02_00280.txt
Train/annotations/02_00281.txt
Train/annotations/02_00282.txt
Train/annotations/02_00283.txt
Train/annotations/02_00284.txt
Train/annotations/02_00285.txt
Train/annotations/02_00286.txt
Train/annotations/02_00287.txt
Train/annotations/02_00288.txt
Train/annotations/02_00289.txt
Train/annotations/02_00290.txt
Train/annotations/02_00291.txt
Train/annotations/02_00292.txt
Train/annotations/02_00293.txt
Train/annotations/02_00294.txt
Train/annotations/02_00295.txt
Train/annotations/02_00296.txt
Train/annotations/02_00297.txt
Train/annotations/02_00298.txt
Train/annotations/02_00299.txt
Train/annotations/02_00300.txt
Train/annotations/02_00301.txt
Train/annotations/02_00302.txt
Train/annotations/02_00303.txt
Train/annotations/02_00304.txt
Train/annotations/02_00305.txt
Train/annotations/02_00306.txt
Train/annotations/02_00307.txt
Train/annotations/02_00308.txt
Train/annotations/02_00309.txt
Train/annotations/02_00310.txt
Train/annotations/02_00311.txt
Train/annotations/02_00312.txt
Train/annotations/02_00313.txt
Train/annotations/02_00314.txt
Train/annotations/02_00315.txt
Train/annotations/02_00316.txt
Train/annotations/02_00317.txt
Train/annotations/02_00318.txt
Train/annotations/02_00319.txt
Train/annotations/02_00320.txt
Train/annotations/02_00321.txt
Train/annotations/02_00322.txt
Train/annotations/02_00323.txt
Train/annotations/02_00324.txt
Train/annotations/02_00325.txt
Train/annotations/02_00326.txt
Train/annotations/02_00327.txt
Train/annotations/02_00328.txt
Train/annotations/02_00329.txt
Train/annotations/02_00330.txt
Train/annotations/02_00331.txt
Train/annotations/02_00332.txt
Train/annotations/02_00333.txt
Train/annotations/02_00334.txt
Train/annotations/02_00335.txt
Train/annotations/02_00336.txt
Train/annotations/02_00337.txt
Train/annotations/02_00338.txt
Train/annotations/02_00339.txt
Train/annotations/02_00340.txt
Train/annotations/02_00341.txt
Train/annotations/02_00342.txt
Train/annotations/02_00343.txt
Train/annotations/02_00344.txt
Train/annotations/02_00345.txt
Train/annotations/02_00346.txt
Train/annotations/02_00347.txt
Train/annotations/02_00348.txt
Train/annotations/02_00349.txt
Train/annotations/02_00350.txt
Train/annotations/02_00351.txt
Train/annotations/02_00352.txt
Train/annotations/02_00353.txt
Train/annotations/02_00354.txt
Train/annotations/02_00355.txt
Train/annotations/02_00356.txt
Train/annotations/02_00357.txt
Train/annotations/02_00358.txt
Train/annotations/02_00359.txt
Train/annotations/02_00360.txt
Train/annotations/02_00361.txt
Train/annotations/02_00362.txt
Train/annotations/02_00363.txt
Train/annotations/02_00364.txt
Train/annotations/02_00365.txt
Train/annotations/02_00366.txt
Train/annotations/02_00367.txt
Train/annotations/02_00368.txt
Train/annotations/02_00369.txt
Train/annotations/02_00370.txt
Train/annotations/02_00371.txt
Train/annotations/02_00372.txt
Train/annotations/02_00373.txt
Train/annotations/02_00374.txt
Train/annotations/02_00375.txt
Train/annotations/02_00376.txt
Train/annotations/02_00377.txt
Train/annotations/02_00378.txt
Train/annotations/02_00379.txt
Train/annotations/02_00380.txt
Train/annotations/02_00381.txt
Train/annotations/02_00382.txt
Train/annotations/02_00383.txt
Train/annotations/02_00384.txt
Train/annotations/02_00385.txt
Train/annotations/02_00386.txt
Train/annotations/02_00387.txt
Train/annotations/02_00388.txt
Train/annotations/02_00389.txt
Train/annotations/02_00390.txt
Train/annotations/02_00391.txt
Train/annotations/02_00392.txt
Train/annotations/02_00393.txt
Train/annotations/02_00394.txt
Train/annotations/02_00395.txt
Train/annotations/02_00396.txt
Train/annotations/02_00397.txt
Train/annotations/02_00398.txt
Train/annotations/02_00399.txt
Train/annotations/02_00400.txt
Train/annotations/02_00401.txt
Train/annotations/02_00402.txt
Train/annotations/02_00403.txt
Train/annotations/02_00404.txt
Train/annotations/02_00405.txt
Train/annotations/02_00406.txt
Train/annotations/02_00407.txt
Train/annotations/02_00408.txt
Train/annotations/02_00409.txt
Train/annotations/02_00410.txt
Train/annotations/02_00411.txt
Train/annotations/02_00412.txt
Train/annotations/02_00413.txt
Train/annotations/02_00414.txt
Train/annotations/02_00415.txt
Train/annotations/02_00416.txt
Train/annotations/02_00417.txt
Train/annotations/02_00418.txt
Train/annotations/02_00419.txt
Train/annotations/02_00420.txt
Train/annotations/02_00421.txt
Train/annotations/02_00422.txt
Train/annotations/02_00423.txt
Train/annotations/02_00424.txt
Train/annotations/02_00425.txt
Train/annotations/02_00426.txt
Train/annotations/02_00427.txt
Train/annotations/02_00428.txt
Train/annotations/02_00429.txt
Train/annotations/02_00430.txt
Train/annotations/02_00431.txt
Train/annotations/02_00432.txt
Train/annotations/02_00433.txt
Train/annotations/02_00434.txt
Train/annotations/02_00435.txt
Train/annotations/02_00436.txt
Train/annotations/02_00437.txt
Train/annotations/02_00438.txt
Train/annotations/02_00439.txt
Train/annotations/02_00440.txt
Train/annotations/02_00441.txt
Train/annotations/02_00442.txt
Train/annotations/02_00443.txt
Train/annotations/02_00444.txt
Train/annotations/02_00445.txt
Train/annotations/02_00446.txt
Train/annotations/02_00447.txt
Train/annotations/02_00448.txt
Train/annotations/02_00449.txt
Train/annotations/02_00450.txt
Train/annotations/02_00451.txt
Train/annotations/02_00452.txt
Train/annotations/02_00453.txt
Train/annotations/02_00454.txt
Train/annotations/02_00455.txt
Train/annotations/02_00456.txt
Train/annotations/02_00457.txt
Train/annotations/02_00458.txt
Train/annotations/02_00459.txt
Train/annotations/02_00460.txt
Train/annotations/02_00461.txt
Train/annotations/02_00462.txt
Train/annotations/02_00463.txt
Train/annotations/02_00464.txt
Train/annotations/02_00465.txt
Train/annotations/02_00466.txt
Train/annotations/02_00467.txt
Train/annotations/02_00468.txt
Train/annotations/02_00469.txt
Train/annotations/02_00470.txt
Train/annotations/02_00471.txt
Train/annotations/02_00472.txt
Train/annotations/02_00473.txt
Train/annotations/02_00474.txt
Train/annotations/02_00475.txt
Train/annotations/02_00476.txt
Train/annotations/02_00477.txt
Train/annotations/02_00478.txt
Train/annotations/02_00479.txt
Train/annotations/02_00480.txt
Train/annotations/02_00481.txt
Train/annotations/02_00482.txt
Train/annotations/02_00483.txt
Train/annotations/02_00484.txt
Train/annotations/02_00485.txt
Train/annotations/02_00486.txt
Train/annotations/02_00487.txt
Train/annotations/02_00488.txt
Train/annotations/02_00489.txt
Train/annotations/02_00490.txt
Train/annotations/02_00491.txt
Train/annotations/02_00492.txt
Train/annotations/02_00493.txt
Train/annotations/02_00494.txt
Train/annotations/02_00495.txt
Train/annotations/02_00496.txt
Train/annotations/02_00497.txt
Train/annotations/02_00498.txt
Train/annotations/02_00499.txt
Train/annotations/02_00500.txt
Train/annotations/02_00501.txt
Train/annotations/02_00502.txt
Train/annotations/02_00503.txt
Train/annotations/02_00504.txt
Train/annotations/02_00505.txt
Train/annotations/02_00506.txt
Train/annotations/02_00507.txt
Train/annotations/02_00508.txt
Train/annotations/02_00509.txt
Train/annotations/02_00510.txt
Train/annotations/02_00511.txt
Train/annotations/02_00512.txt
Train/annotations/02_00513.txt
Train/annotations/02_00514.txt
Train/annotations/02_00515.txt
Train/annotations/02_00516.txt
Train/annotations/02_00517.txt
Train/annotations/02_00518.txt
Train/annotations/02_00519.txt
Train/annotations/02_00520.txt
Train/annotations/02_00521.txt
Train/annotations/02_00522.txt
Train/annotations/02_00523.txt
Train/annotations/02_00524.txt
Train/annotations/02_00525.txt
Train/annotations/02_00526.txt
Train/annotations/02_00527.txt
Train/annotations/02_00528.txt
Train/annotations/02_00529.txt
Train/annotations/02_00530.txt
Train/annotations/02_00531.txt
Train/annotations/02_00532.txt
Train/annotations/02_00533.txt
Train/annotations/02_00534.txt
Train/annotations/02_00535.txt
Train/annotations/02_00536.txt
Train/annotations/02_00537.txt
Train/annotations/02_00538.txt
Train/annotations/02_00539.txt
Train/annotations/02_00540.txt
Train/annotations/02_00541.txt
Train/annotations/02_00542.txt
Train/annotations/02_00543.txt
Train/annotations/02_00544.txt
Train/annotations/02_00545.txt
Train/annotations/02_00546.txt
Train/annotations/02_00547.txt
Train/annotations/02_00548.txt
Train/annotations/02_00549.txt
Train/annotations/02_00550.txt
Train/annotations/02_00551.txt
Train/annotations/02_00552.txt
Train/annotations/02_00553.txt
Train/annotations/02_00554.txt
Train/annotations/02_00555.txt
Train/annotations/02_00556.txt
Train/annotations/02_00557.txt
Train/annotations/02_00558.txt
Train/annotations/02_00559.txt
Train/annotations/02_00560.txt
Train/annotations/02_00561.txt
Train/annotations/02_00562.txt
Train/annotations/02_00563.txt
Train/annotations/02_00564.txt
Train/annotations/02_00565.txt
Train/annotations/02_00566.txt
Train/annotations/02_00567.txt
Train/annotations/02_00568.txt
Train/annotations/02_00569.txt
Train/annotations/02_00570.txt
Train/annotations/02_00571.txt
Train/annotations/02_00572.txt
Train/annotations/02_00573.txt
Train/annotations/02_00574.txt
Train/annotations/02_00575.txt
Train/annotations/02_00576.txt
Train/annotations/02_00577.txt
Train/annotations/02_00578.txt
Train/annotations/02_00579.txt
Train/annotations/02_00580.txt
Train/annotations/02_00581.txt
Train/annotations/02_00582.txt
Train/annotations/02_00583.txt
Train/annotations/02_00584.txt
Train/annotations/02_00585.txt
Train/annotations/02_00586.txt
Train/annotations/02_00587.txt
Train/annotations/02_00588.txt
Train/annotations/02_00589.txt
Train/annotations/02_00590.txt
Train/annotations/02_00591.txt
Train/annotations/02_00592.txt
Train/annotations/02_00593.txt
Train/annotations/02_00594.txt
Train/annotations/02_00595.txt
Train/annotations/02_00596.txt
Train/annotations/02_00597.txt
Train/annotations/02_00598.txt
Train/annotations/02_00599.txt
Train/annotations/02_00600.txt
Train/annotations/02_00601.txt
Train/annotations/02_00602.txt
Train/annotations/02_00603.txt
Train/annotations/02_00604.txt
Train/annotations/02_00605.txt
Train/annotations/02_00606.txt
Train/annotations/02_00607.txt
Train/annotations/02_00608.txt
Train/annotations/02_00609.txt
Train/annotations/02_00610.txt
Train/annotations/02_00611.txt
Train/annotations/02_00612.txt
Train/annotations/02_00613.txt
Train/annotations/02_00614.txt
Train/annotations/02_00615.txt
Train/annotations/02_00616.txt
Train/annotations/02_00617.txt
Train/annotations/02_00618.txt
Train/annotations/02_00619.txt
Train/annotations/02_00620.txt
Train/annotations/02_00621.txt
Train/annotations/02_00622.txt
Train/annotations/02_00623.txt
Train/annotations/02_00624.txt
Train/annotations/02_00625.txt
Train/annotations/02_00626.txt
Train/annotations/02_00627.txt
Train/annotations/02_00628.txt
Train/annotations/02_00629.txt
Train/annotations/02_00630.txt
Train/annotations/02_00631.txt
Train/annotations/02_00632.txt
Train/annotations/02_00633.txt
Train/annotations/02_00634.txt
Train/annotations/02_00635.txt
Train/annotations/02_00636.txt
Train/annotations/02_00637.txt
Train/annotations/02_00638.txt
Train/annotations/02_00639.txt
Train/annotations/02_00640.txt
Train/annotations/02_00641.txt
Train/annotations/02_00642.txt
Train/annotations/02_00643.txt
Train/annotations/02_00644.txt
Train/annotations/02_00645.txt
Train/annotations/02_00646.txt
Train/annotations/02_00647.txt
Train/annotations/02_00648.txt
Train/annotations/02_00649.txt
Train/annotations/02_00650.txt
Train/annotations/02_00651.txt
Train/annotations/02_00652.txt
Train/annotations/02_00653.txt
Train/annotations/02_00654.txt
Train/annotations/02_00655.txt
Train/annotations/02_00656.txt
Train/annotations/02_00657.txt
Train/annotations/02_00658.txt
Train/annotations/02_00659.txt
Train/annotations/02_00660.txt
Train/annotations/02_00661.txt
Train/annotations/02_00662.txt
Train/annotations/02_00663.txt
Train/annotations/02_00664.txt
Train/annotations/02_00665.txt
Train/annotations/02_00666.txt
Train/annotations/02_00667.txt
Train/annotations/02_00668.txt
Train/annotations/02_00669.txt
Train/annotations/02_00670.txt
Train/annotations/02_00671.txt
Train/annotations/02_00672.txt
Train/annotations/02_00673.txt
Train/annotations/02_00674.txt
Train/annotations/02_00675.txt
Train/annotations/02_00676.txt
Train/annotations/02_00677.txt
Train/annotations/02_00678.txt
Train/annotations/02_00679.txt
Train/annotations/02_00680.txt
Train/annotations/02_00681.txt
Train/annotations/02_00682.txt
Train/annotations/02_00683.txt
Train/annotations/02_00684.txt
Train/annotations/02_00685.txt
Train/annotations/02_00686.txt
Train/annotations/02_00687.txt
Train/annotations/02_00688.txt
Train/annotations/02_00689.txt
Train/annotations/02_00690.txt
Train/annotations/02_00691.txt
Train/annotations/02_00692.txt
Train/annotations/02_00693.txt
Train/annotations/02_00694.txt
Train/annotations/02_00695.txt
Train/annotations/02_00696.txt
Train/annotations/02_00697.txt
Train/annotations/02_00698.txt
Train/annotations/02_00699.txt
Train/annotations/02_00700.txt
Train/annotations/02_00701.txt
Train/annotations/02_00702.txt
Train/annotations/02_00703.txt
Train/annotations/02_00704.txt
Train/annotations/02_00705.txt
Train/annotations/02_00706.txt
Train/annotations/02_00707.txt
Train/annotations/02_00708.txt
Train/annotations/02_00709.txt
Train/annotations/02_00710.txt
Train/annotations/02_00711.txt
Train/annotations/02_00712.txt
Train/annotations/02_00713.txt
Train/annotations/02_00714.txt
Train/annotations/02_00715.txt
Train/annotations/02_00716.txt
Train/annotations/02_00717.txt
Train/annotations/02_00718.txt
Train/annotations/02_00719.txt
Train/annotations/02_00720.txt
Train/annotations/02_00721.txt
Train/annotations/02_00722.txt
Train/annotations/02_00723.txt
Train/annotations/02_00724.txt
Train/annotations/02_00725.txt
Train/annotations/02_00726.txt
Train/annotations/02_00727.txt
Train/annotations/02_00728.txt
Train/annotations/02_00729.txt
Train/annotations/02_00730.txt
Train/annotations/02_00731.txt
Train/annotations/02_00732.txt
Train/annotations/02_00733.txt
Train/annotations/02_00734.txt
Train/annotations/02_00735.txt
Train/annotations/02_00736.txt
Train/annotations/02_00737.txt
Train/annotations/02_00738.txt
Train/annotations/02_00739.txt
Train/annotations/02_00740.txt
Train/annotations/02_00741.txt
Train/annotations/02_00742.txt
Train/annotations/02_00743.txt
Train/annotations/02_00744.txt
Train/annotations/02_00745.txt
Train/annotations/02_00746.txt
Train/annotations/02_00747.txt
Train/annotations/02_00748.txt
Train/annotations/02_00749.txt
Train/annotations/02_00750.txt
Train/annotations/02_00751.txt
Train/annotations/02_00752.txt
Train/annotations/02_00753.txt
Train/annotations/02_00754.txt
Train/annotations/02_00755.txt
Train/annotations/02_00756.txt
Train/annotations/02_00757.txt
Train/annotations/02_00758.txt
Train/annotations/02_00759.txt
Train/annotations/02_00760.txt
Train/annotations/02_00761.txt
Train/annotations/02_00762.txt
Train/annotations/02_00763.txt
Train/annotations/02_00764.txt
Train/annotations/02_00765.txt
Train/annotations/02_00766.txt
Train/annotations/02_00767.txt
Train/annotations/02_00768.txt
Train/annotations/02_00769.txt
Train/annotations/02_00770.txt
Train/annotations/02_00771.txt
Train/annotations/02_00772.txt
Train/annotations/02_00773.txt
Train/annotations/02_00774.txt
Train/annotations/02_00775.txt
Train/annotations/02_00776.txt
Train/annotations/02_00777.txt
Train/annotations/02_00778.txt
Train/annotations/02_00779.txt
Train/annotations/02_00780.txt
Train/annotations/02_00781.txt
Train/annotations/02_00782.txt
Train/annotations/02_00783.txt
Train/annotations/02_00784.txt
Train/annotations/02_00785.txt
Train/annotations/02_00786.txt
Train/annotations/02_00787.txt
Train/annotations/02_00788.txt
Train/annotations/02_00789.txt
Train/annotations/02_00790.txt
Train/annotations/02_00791.txt
Train/annotations/02_00792.txt
Train/annotations/02_00793.txt
Train/annotations/02_00794.txt
Train/annotations/02_00795.txt
Train/annotations/02_00796.txt
Train/annotations/02_00797.txt
Train/annotations/02_00798.txt
Train/annotations/02_00799.txt
Train/annotations/02_00800.txt
Train/annotations/02_00801.txt
Train/annotations/02_00802.txt
Train/annotations/02_00803.txt
Train/annotations/02_00804.txt
Train/annotations/02_00805.txt
Train/annotations/02_00806.txt
Train/annotations/02_00807.txt
Train/annotations/02_00808.txt
Train/annotations/02_00809.txt
Train/annotations/02_00810.txt
Train/annotations/02_00811.txt
Train/annotations/02_00812.txt
Train/annotations/02_00813.txt
Train/annotations/02_00814.txt
Train/annotations/02_00815.txt
Train/annotations/02_00816.txt
Train/annotations/02_00817.txt
Train/annotations/02_00818.txt
Train/annotations/02_00819.txt
Train/annotations/02_00820.txt
Train/annotations/02_00821.txt
Train/annotations/02_00822.txt
Train/annotations/02_00823.txt
Train/annotations/02_00824.txt
Train/annotations/02_00825.txt
Train/annotations/02_00826.txt
Train/annotations/02_00827.txt
Train/annotations/02_00828.txt
Train/annotations/02_00829.txt
Train/annotations/02_00830.txt
Train/annotations/02_00831.txt
Train/annotations/02_00832.txt
Train/annotations/02_00833.txt
Train/annotations/02_00834.txt
Train/annotations/02_00835.txt
Train/annotations/02_00836.txt
Train/annotations/02_00837.txt
Train/annotations/02_00838.txt
Train/annotations/02_00839.txt
Train/annotations/02_00840.txt
Train/annotations/02_00841.txt
Train/annotations/02_00842.txt
Train/annotations/02_00843.txt
Train/annotations/02_00844.txt
Train/annotations/02_00845.txt
Train/annotations/02_00846.txt
Train/annotations/02_00847.txt
Train/annotations/02_00848.txt
Train/annotations/02_00849.txt
Train/annotations/02_00850.txt
Train/annotations/02_00851.txt
Train/annotations/02_00852.txt
Train/annotations/02_00853.txt
Train/annotations/02_00854.txt
Train/annotations/02_00855.txt
Train/annotations/02_00856.txt
Train/annotations/02_00857.txt
Train/annotations/02_00858.txt
Train/annotations/02_00859.txt
Train/annotations/02_00860.txt
Train/annotations/02_00861.txt
Train/annotations/02_00862.txt
Train/annotations/02_00863.txt
Train/annotations/02_00864.txt
Train/annotations/02_00865.txt
Train/annotations/02_00866.txt
Train/annotations/02_00867.txt
Train/annotations/02_00868.txt
Train/annotations/02_00869.txt
Train/annotations/02_00870.txt
Train/annotations/02_00871.txt
Train/annotations/02_00872.txt
Train/annotations/02_00873.txt
Train/annotations/02_00874.txt
Train/annotations/02_00875.txt
Train/annotations/02_00876.txt
Train/annotations/02_00877.txt
Train/annotations/02_00878.txt
Train/annotations/02_00879.txt
Train/annotations/02_00880.txt
Train/annotations/02_00881.txt
Train/annotations/02_00882.txt
Train/annotations/02_00883.txt
Train/annotations/02_00884.txt
Train/annotations/02_00885.txt
Train/annotations/02_00886.txt
Train/annotations/02_00887.txt
Train/annotations/02_00888.txt
Train/annotations/02_00889.txt
Train/annotations/02_00890.txt
Train/annotations/02_00891.txt
Train/annotations/02_00892.txt
Train/annotations/02_00893.txt
Train/annotations/02_00894.txt
Train/annotations/02_00895.txt
Train/annotations/02_00896.txt
Train/annotations/02_00897.txt
Train/annotations/02_00898.txt
Train/annotations/02_00899.txt
Train/annotations/02_00900.txt
Train/annotations/02_00901.txt
Train/annotations/02_00902.txt
Train/annotations/02_00903.txt
Train/annotations/02_00904.txt
Train/annotations/02_00905.txt
Train/annotations/02_00906.txt
Train/annotations/02_00907.txt
Train/annotations/02_00908.txt
Train/annotations/02_00909.txt
Train/annotations/02_00910.txt
Train/annotations/02_00911.txt
Train/annotations/02_00912.txt
Train/annotations/02_00913.txt
Train/annotations/02_00914.txt
Train/annotations/02_00915.txt
Train/annotations/02_00916.txt
Train/annotations/02_00917.txt
Train/annotations/02_00918.txt
Train/annotations/02_00919.txt
Train/annotations/02_00920.txt
Train/annotations/02_00921.txt
Train/annotations/02_00922.txt
Train/annotations/02_00923.txt
Train/annotations/02_00924.txt
Train/annotations/02_00925.txt
Train/annotations/02_00926.txt
Train/annotations/02_00927.txt
Train/annotations/02_00928.txt
Train/annotations/02_00929.txt
Train/annotations/02_00930.txt
Train/annotations/02_00931.txt
Train/annotations/02_00932.txt
Train/annotations/02_00933.txt
Train/annotations/02_00934.txt
Train/annotations/02_00935.txt
Train/annotations/02_00936.txt
Train/annotations/02_00937.txt
Train/annotations/02_00938.txt
Train/annotations/02_00939.txt
Train/annotations/02_00940.txt
Train/annotations/02_00941.txt
Train/annotations/02_00942.txt
Train/annotations/02_00943.txt
Train/annotations/02_00944.txt
Train/annotations/02_00945.txt
Train/annotations/03_00000.txt
Train/annotations/03_00001.txt
Train/annotations/03_00002.txt
Train/annotations/03_00003.txt
Train/annotations/03_00004.txt
Train/annotations/03_00005.txt
Train/annotations/03_00006.txt
Train/annotations/03_00007.txt
Train/annotations/03_00008.txt
Train/annotations/03_00009.txt
Train/annotations/03_00010.txt
Train/annotations/03_00011.txt
Train/annotations/03_00012.txt
Train/annotations/03_00013.txt
Train/annotations/03_00014.txt
Train/annotations/03_00015.txt
Train/annotations/03_00016.txt
Train/annotations/03_00017.txt
Train/annotations/03_00018.txt
Train/annotations/03_00019.txt
Train/annotations/03_00020.txt
Train/annotations/03_00021.txt
Train/annotations/03_00022.txt
Train/annotations/03_00023.txt
Train/annotations/03_00024.txt
Train/annotations/03_00025.txt
Train/annotations/03_00026.txt
Train/annotations/03_00027.txt
Train/annotations/03_00028.txt
Train/annotations/03_00029.txt
Train/annotations/03_00030.txt
Train/annotations/03_00031.txt
Train/annotations/03_00032.txt
Train/annotations/03_00033.txt
Train/annotations/03_00034.txt
Train/annotations/03_00035.txt
Train/annotations/03_00036.txt
Train/annotations/03_00037.txt
Train/annotations/03_00038.txt
Train/annotations/03_00039.txt
Train/annotations/03_00040.txt
Train/annotations/03_00041.txt
Train/annotations/03_00042.txt
Train/annotations/03_00043.txt
Train/annotations/03_00044.txt
Train/annotations/03_00045.txt
Train/annotations/03_00046.txt
Train/annotations/03_00047.txt
Train/annotations/03_00048.txt
Train/annotations/03_00049.txt
Train/annotations/03_00050.txt
Train/annotations/03_00051.txt
Train/annotations/03_00052.txt
Train/annotations/03_00053.txt
Train/annotations/03_00054.txt
Train/annotations/03_00055.txt
Train/annotations/03_00056.txt
Train/annotations/03_00057.txt
Train/annotations/03_00058.txt
Train/annotations/03_00059.txt
Train/annotations/03_00060.txt
Train/annotations/03_00061.txt
Train/annotations/03_00062.txt
Train/annotations/03_00063.txt
Train/annotations/03_00064.txt
Train/annotations/03_00065.txt
Train/annotations/03_00066.txt
Train/annotations/03_00067.txt
Train/annotations/03_00068.txt
Train/annotations/03_00069.txt
Train/annotations/03_00070.txt
Train/annotations/03_00071.txt
Train/annotations/03_00072.txt
Train/annotations/03_00073.txt
Train/annotations/03_00074.txt
Train/annotations/03_00075.txt
Train/annotations/03_00076.txt
Train/annotations/03_00077.txt
Train/annotations/03_00078.txt
Train/annotations/03_00079.txt
Train/annotations/03_00080.txt
Train/annotations/03_00081.txt
Train/annotations/03_00082.txt
Train/annotations/03_00083.txt
Train/annotations/03_00084.txt
Train/annotations/03_00085.txt
Train/annotations/03_00086.txt
Train/annotations/03_00087.txt
Train/annotations/03_00088.txt
Train/annotations/03_00089.txt
Train/annotations/03_00090.txt
Train/annotations/03_00091.txt
Train/annotations/03_00092.txt
Train/annotations/03_00093.txt
Train/annotations/03_00094.txt
Train/annotations/03_00095.txt
Train/annotations/03_00096.txt
Train/annotations/03_00097.txt
Train/annotations/03_00098.txt
Train/annotations/03_00099.txt
Train/annotations/03_00100.txt
Train/annotations/03_00101.txt
Train/annotations/03_00102.txt
Train/annotations/03_00103.txt
Train/annotations/03_00104.txt
Train/annotations/03_00105.txt
Train/annotations/03_00106.txt
Train/annotations/03_00107.txt
Train/annotations/03_00108.txt
Train/annotations/03_00109.txt
Train/annotations/03_00110.txt
Train/annotations/03_00111.txt
Train/annotations/03_00112.txt
Train/annotations/03_00113.txt
Train/annotations/03_00114.txt
Train/annotations/03_00115.txt
Train/annotations/03_00116.txt
Train/annotations/03_00117.txt
Train/annotations/03_00118.txt
Train/annotations/03_00119.txt
Train/annotations/03_00120.txt
Train/annotations/03_00121.txt
Train/annotations/03_00122.txt
Train/annotations/03_00123.txt
Train/annotations/03_00124.txt
Train/annotations/03_00125.txt
Train/annotations/03_00126.txt
Train/annotations/03_00127.txt
Train/annotations/03_00128.txt
Train/annotations/03_00129.txt
Train/annotations/03_00130.txt
Train/annotations/03_00131.txt
Train/annotations/03_00132.txt
Train/annotations/03_00133.txt
Train/annotations/03_00134.txt
Train/annotations/03_00135.txt
Train/annotations/03_00136.txt
Train/annotations/03_00137.txt
Train/annotations/03_00138.txt
Train/annotations/03_00139.txt
Train/annotations/03_00140.txt
Train/annotations/03_00141.txt
Train/annotations/03_00142.txt
Train/annotations/03_00143.txt
Train/annotations/03_00144.txt
Train/annotations/03_00145.txt
Train/annotations/03_00146.txt
Train/annotations/03_00147.txt
Train/annotations/03_00148.txt
Train/annotations/03_00149.txt
Train/annotations/03_00150.txt
Train/annotations/03_00151.txt
Train/annotations/03_00152.txt
Train/annotations/03_00153.txt
Train/annotations/03_00154.txt
Train/annotations/03_00155.txt
Train/annotations/03_00156.txt
Train/annotations/03_00157.txt
Train/annotations/03_00158.txt
Train/annotations/03_00159.txt
Train/annotations/03_00160.txt
Train/annotations/03_00161.txt
Train/annotations/03_00162.txt
Train/annotations/03_00163.txt
Train/annotations/03_00164.txt
Train/annotations/03_00165.txt
Train/annotations/03_00166.txt
Train/annotations/03_00167.txt
Train/annotations/03_00168.txt
Train/annotations/03_00169.txt
Train/annotations/03_00170.txt
Train/annotations/03_00171.txt
Train/annotations/03_00172.txt
Train/annotations/03_00173.txt
Train/annotations/03_00174.txt
Train/annotations/03_00175.txt
Train/annotations/03_00176.txt
Train/annotations/03_00177.txt
Train/annotations/03_00178.txt
Train/annotations/03_00179.txt
Train/annotations/03_00180.txt
Train/annotations/03_00181.txt
Train/annotations/03_00182.txt
Train/annotations/03_00183.txt
Train/annotations/03_00184.txt
Train/annotations/03_00185.txt
Train/annotations/03_00186.txt
Train/annotations/03_00187.txt
Train/annotations/03_00188.txt
Train/annotations/03_00189.txt
Train/annotations/03_00190.txt
Train/annotations/03_00191.txt
Train/annotations/03_00192.txt
Train/annotations/03_00193.txt
Train/annotations/03_00194.txt
Train/annotations/03_00195.txt
Train/annotations/03_00196.txt
Train/annotations/03_00197.txt
Train/annotations/03_00198.txt
Train/annotations/03_00199.txt
Train/annotations/03_00200.txt
Train/annotations/03_00201.txt
Train/annotations/03_00202.txt
Train/annotations/03_00203.txt
Train/annotations/03_00204.txt
Train/annotations/03_00205.txt
Train/annotations/03_00206.txt
Train/annotations/03_00207.txt
Train/annotations/03_00208.txt
Train/annotations/03_00209.txt
Train/annotations/03_00210.txt
Train/annotations/03_00211.txt
Train/annotations/03_00212.txt
Train/annotations/03_00213.txt
Train/annotations/03_00214.txt
Train/annotations/03_00215.txt
Train/annotations/03_00216.txt
Train/annotations/03_00217.txt
Train/annotations/03_00218.txt
Train/annotations/03_00219.txt
Train/annotations/03_00220.txt
Train/annotations/03_00221.txt
Train/annotations/03_00222.txt
Train/annotations/03_00223.txt
Train/annotations/03_00224.txt
Train/annotations/03_00225.txt
Train/annotations/03_00226.txt
Train/annotations/03_00227.txt
Train/annotations/03_00228.txt
Train/annotations/03_00229.txt
Train/annotations/03_00230.txt
Train/annotations/03_00231.txt
Train/annotations/03_00232.txt
Train/annotations/03_00233.txt
Train/annotations/03_00234.txt
Train/annotations/03_00235.txt
Train/annotations/03_00236.txt
Train/annotations/03_00237.txt
Train/annotations/03_00238.txt
Train/annotations/03_00239.txt
Train/annotations/03_00240.txt
Train/annotations/03_00241.txt
Train/annotations/03_00242.txt
Train/annotations/03_00243.txt
Train/annotations/03_00244.txt
Train/annotations/03_00245.txt
Train/annotations/03_00246.txt
Train/annotations/03_00247.txt
Train/annotations/03_00248.txt
Train/annotations/03_00249.txt
Train/annotations/03_00250.txt
Train/annotations/03_00251.txt
Train/annotations/03_00252.txt
Train/annotations/03_00253.txt
Train/annotations/03_00254.txt
Train/annotations/03_00255.txt
Train/annotations/03_00256.txt
Train/annotations/03_00257.txt
Train/annotations/03_00258.txt
Train/annotations/03_00259.txt
Train/annotations/03_00260.txt
Train/annotations/03_00261.txt
Train/annotations/03_00262.txt
Train/annotations/03_00263.txt
Train/annotations/03_00264.txt
Train/annotations/03_00265.txt
Train/annotations/03_00266.txt
Train/annotations/03_00267.txt
Train/annotations/03_00268.txt
Train/annotations/03_00269.txt
Train/annotations/03_00270.txt
Train/annotations/03_00271.txt
Train/annotations/03_00272.txt
Train/annotations/03_00273.txt
Train/annotations/03_00274.txt
Train/annotations/03_00275.txt
Train/annotations/03_00276.txt
Train/annotations/03_00277.txt
Train/annotations/03_00278.txt
Train/annotations/03_00279.txt
Train/annotations/03_00280.txt
Train/annotations/03_00281.txt
Train/annotations/03_00282.txt
Train/annotations/03_00283.txt
Train/annotations/03_00284.txt
Train/annotations/03_00285.txt
Train/annotations/03_00286.txt
Train/annotations/03_00287.txt
Train/annotations/03_00288.txt
Train/annotations/03_00289.txt
Train/annotations/03_00290.txt
Train/annotations/03_00291.txt
Train/annotations/03_00292.txt
Train/annotations/03_00293.txt
Train/annotations/03_00294.txt
Train/annotations/03_00295.txt
Train/annotations/03_00296.txt
Train/annotations/03_00297.txt
Train/annotations/03_00298.txt
Train/annotations/03_00299.txt
Train/annotations/03_00300.txt
Train/annotations/03_00301.txt
Train/annotations/03_00302.txt
Train/annotations/03_00303.txt
Train/annotations/03_00304.txt
Train/annotations/03_00305.txt
Train/annotations/03_00306.txt
Train/annotations/03_00307.txt
Train/annotations/03_00308.txt
Train/annotations/03_00309.txt
Train/annotations/03_00310.txt
Train/annotations/03_00311.txt
Train/annotations/03_00312.txt
Train/annotations/03_00313.txt
Train/annotations/03_00314.txt
Train/annotations/03_00315.txt
Train/annotations/03_00316.txt
Train/annotations/03_00317.txt
Train/annotations/03_00318.txt
Train/annotations/03_00319.txt
Train/annotations/03_00320.txt
Train/annotations/03_00321.txt
Train/annotations/03_00322.txt
Train/annotations/03_00323.txt
Train/annotations/03_00324.txt
Train/annotations/03_00325.txt
Train/annotations/03_00326.txt
Train/annotations/03_00327.txt
Train/annotations/03_00328.txt
Train/annotations/03_00329.txt
Train/annotations/03_00330.txt
Train/annotations/03_00331.txt
Train/annotations/03_00332.txt
Train/annotations/03_00333.txt
Train/annotations/03_00334.txt
Train/annotations/03_00335.txt
Train/annotations/03_00336.txt
Train/annotations/03_00337.txt
Train/annotations/03_00338.txt
Train/annotations/03_00339.txt
Train/annotations/03_00340.txt
Train/annotations/03_00341.txt
Train/annotations/03_00342.txt
Train/annotations/03_00343.txt
Train/annotations/03_00344.txt
Train/annotations/03_00345.txt
Train/annotations/03_00346.txt
Train/annotations/03_00347.txt
Train/annotations/03_00348.txt
Train/annotations/03_00349.txt
Train/annotations/03_00350.txt
Train/annotations/03_00351.txt
Train/annotations/03_00352.txt
Train/annotations/03_00353.txt
Train/annotations/03_00354.txt
Train/annotations/03_00355.txt
Train/annotations/03_00356.txt
Train/annotations/03_00357.txt
Train/annotations/03_00358.txt
Train/annotations/03_00359.txt
Train/annotations/03_00360.txt
Train/annotations/03_00361.txt
Train/annotations/03_00362.txt
Train/annotations/03_00363.txt
Train/annotations/03_00364.txt
Train/annotations/03_00365.txt
Train/annotations/03_00366.txt
Train/annotations/03_00367.txt
Train/annotations/03_00368.txt
Train/annotations/03_00369.txt
Train/annotations/03_00370.txt
Train/annotations/03_00371.txt
Train/annotations/03_00372.txt
Train/annotations/03_00373.txt
Train/annotations/03_00374.txt
Train/annotations/03_00375.txt
Train/annotations/03_00376.txt
Train/annotations/03_00377.txt
Train/annotations/03_00378.txt
Train/annotations/03_00379.txt
Train/annotations/03_00380.txt
Train/annotations/03_00381.txt
Train/annotations/03_00382.txt
Train/annotations/03_00383.txt
Train/annotations/03_00384.txt
Train/annotations/03_00385.txt
Train/annotations/03_00386.txt
Train/annotations/03_00387.txt
Train/annotations/03_00388.txt
Train/annotations/03_00389.txt
Train/annotations/03_00390.txt
Train/annotations/03_00391.txt
Train/annotations/03_00392.txt
Train/annotations/03_00393.txt
Train/annotations/03_00394.txt
Train/annotations/03_00395.txt
Train/annotations/03_00396.txt
Train/annotations/03_00397.txt
Train/annotations/03_00398.txt
Train/annotations/03_00399.txt
Train/annotations/03_00400.txt
Train/annotations/03_00401.txt
Train/annotations/03_00402.txt
Train/annotations/03_00403.txt
Train/annotations/03_00404.txt
Train/annotations/03_00405.txt
Train/annotations/03_00406.txt
Train/annotations/03_00407.txt
Train/annotations/03_00408.txt
Train/annotations/03_00409.txt
Train/annotations/03_00410.txt
Train/annotations/03_00411.txt
Train/annotations/03_00412.txt
Train/annotations/03_00413.txt
Train/annotations/03_00414.txt
Train/annotations/03_00415.txt
Train/annotations/03_00416.txt
Train/annotations/03_00417.txt
Train/annotations/03_00418.txt
Train/annotations/03_00419.txt
Train/annotations/03_00420.txt
Train/annotations/03_00421.txt
Train/annotations/03_00422.txt
Train/annotations/03_00423.txt
Train/annotations/03_00424.txt
Train/annotations/03_00425.txt
Train/annotations/03_00426.txt
Train/annotations/03_00427.txt
Train/annotations/03_00428.txt
Train/annotations/03_00429.txt
Train/annotations/03_00430.txt
Train/annotations/03_00431.txt
Train/annotations/03_00432.txt
Train/annotations/03_00433.txt
Train/annotations/03_00434.txt
Train/annotations/03_00435.txt
Train/annotations/03_00436.txt
Train/annotations/03_00437.txt
Train/annotations/03_00438.txt
Train/annotations/03_00439.txt
Train/annotations/03_00440.txt
Train/annotations/03_00441.txt
Train/annotations/03_00442.txt
Train/annotations/03_00443.txt
Train/annotations/03_00444.txt
Train/annotations/03_00445.txt
Train/annotations/03_00446.txt
Train/annotations/03_00447.txt
Train/annotations/03_00448.txt
Train/annotations/03_00449.txt
Train/annotations/03_00450.txt
Train/annotations/03_00451.txt
Train/annotations/03_00452.txt
Train/annotations/03_00453.txt
Train/annotations/03_00454.txt
Train/annotations/03_00455.txt
Train/annotations/03_00456.txt
Train/annotations/03_00457.txt
Train/annotations/03_00458.txt
Train/annotations/03_00459.txt
Train/annotations/03_00460.txt
Train/annotations/03_00461.txt
Train/annotations/03_00462.txt
Train/annotations/03_00463.txt
Train/annotations/03_00464.txt
Train/annotations/03_00465.txt
Train/annotations/03_00466.txt
Train/annotations/03_00467.txt
Train/annotations/03_00468.txt
Train/annotations/03_00469.txt
Train/annotations/03_00470.txt
Train/annotations/03_00471.txt
Train/annotations/03_00472.txt
Train/annotations/03_00473.txt
Train/annotations/03_00474.txt
Train/annotations/03_00475.txt
Train/annotations/03_00476.txt
Train/annotations/03_00477.txt
Train/annotations/03_00478.txt
Train/annotations/03_00479.txt
Train/annotations/03_00480.txt
Train/annotations/03_00481.txt
Train/annotations/03_00482.txt
Train/annotations/03_00483.txt
Train/annotations/03_00484.txt
Train/annotations/03_00485.txt
Train/annotations/03_00486.txt
Train/annotations/03_00487.txt
Train/annotations/03_00488.txt
Train/annotations/03_00489.txt
Train/annotations/03_00490.txt
Train/annotations/03_00491.txt
Train/annotations/03_00492.txt
Train/annotations/03_00493.txt
Train/annotations/03_00494.txt
Train/annotations/03_00495.txt
Train/annotations/03_00496.txt
Train/annotations/03_00497.txt
Train/annotations/03_00498.txt
Train/annotations/03_00499.txt
Train/annotations/03_00500.txt
Train/annotations/03_00501.txt
Train/annotations/03_00502.txt
Train/annotations/03_00503.txt
Train/annotations/03_00504.txt
Train/annotations/03_00505.txt
Train/annotations/03_00506.txt
Train/annotations/03_00507.txt
Train/annotations/03_00508.txt
Train/annotations/03_00509.txt
Train/annotations/03_00510.txt
Train/annotations/03_00511.txt
Train/annotations/03_00512.txt
Train/annotations/03_00513.txt
Train/annotations/03_00514.txt
Train/annotations/03_00515.txt
Train/annotations/03_00516.txt
Train/annotations/03_00517.txt
Train/annotations/03_00518.txt
Train/annotations/03_00519.txt
Train/annotations/03_00520.txt
Train/annotations/03_00521.txt
Train/annotations/03_00522.txt
Train/annotations/03_00523.txt
Train/annotations/03_00524.txt
Train/annotations/03_00525.txt
Train/annotations/03_00526.txt
Train/annotations/03_00527.txt
Train/annotations/03_00528.txt
Train/annotations/03_00529.txt
Train/annotations/03_00530.txt
Train/annotations/03_00531.txt
Train/annotations/03_00532.txt
Train/annotations/03_00533.txt
Train/annotations/03_00534.txt
Train/annotations/03_00535.txt
Train/annotations/03_00536.txt
Train/annotations/03_00537.txt
Train/annotations/03_00538.txt
Train/annotations/03_00539.txt
Train/annotations/03_00540.txt
Train/annotations/03_00541.txt
Train/annotations/03_00542.txt
Train/annotations/03_00543.txt
Train/annotations/03_00544.txt
Train/annotations/03_00545.txt
Train/annotations/03_00546.txt
Train/annotations/03_00547.txt
Train/annotations/03_00548.txt
Train/annotations/03_00549.txt
Train/annotations/03_00550.txt
Train/annotations/03_00551.txt
Train/annotations/03_00552.txt
Train/annotations/03_00553.txt
Train/annotations/03_00554.txt
Train/annotations/03_00555.txt
Train/annotations/03_00556.txt
Train/annotations/03_00557.txt
Train/annotations/03_00558.txt
Train/annotations/03_00559.txt
Train/annotations/03_00560.txt
Train/annotations/03_00561.txt
Train/annotations/03_00562.txt
Train/annotations/03_00563.txt
Train/annotations/03_00564.txt
Train/annotations/03_00565.txt
Train/annotations/03_00566.txt
Train/annotations/03_00567.txt
Train/annotations/03_00568.txt
Train/annotations/03_00569.txt
Train/annotations/03_00570.txt
Train/annotations/03_00571.txt
Train/annotations/03_00572.txt
Train/annotations/03_00573.txt
Train/annotations/03_00574.txt
Train/annotations/03_00575.txt
Train/annotations/03_00576.txt
Train/annotations/03_00577.txt
Train/annotations/03_00578.txt
Train/annotations/03_00579.txt
Train/annotations/03_00580.txt
Train/annotations/03_00581.txt
Train/annotations/03_00582.txt
Train/annotations/03_00583.txt
Train/annotations/03_00584.txt
Train/annotations/03_00585.txt
Train/annotations/03_00586.txt
Train/annotations/03_00587.txt
Train/annotations/03_00588.txt
Train/annotations/03_00589.txt
Train/annotations/03_00590.txt
Train/annotations/03_00591.txt
Train/annotations/03_00592.txt
Train/annotations/03_00593.txt
Train/annotations/03_00594.txt
Train/annotations/03_00595.txt
Train/annotations/03_00596.txt
Train/annotations/03_00597.txt
Train/annotations/03_00598.txt
Train/annotations/03_00599.txt
Train/annotations/03_00600.txt
Train/annotations/03_00601.txt
Train/annotations/03_00602.txt
Train/annotations/03_00603.txt
Train/annotations/03_00604.txt
Train/annotations/03_00605.txt
Train/annotations/03_00606.txt
Train/annotations/03_00607.txt
Train/annotations/03_00608.txt
Train/annotations/03_00609.txt
Train/annotations/03_00610.txt
Train/annotations/03_00611.txt
Train/annotations/03_00612.txt
Train/annotations/03_00613.txt
Train/annotations/03_00614.txt
Train/annotations/03_00615.txt
Train/annotations/03_00730.txt
Train/annotations/03_00731.txt
Train/annotations/03_00732.txt
Train/annotations/03_00733.txt
Train/annotations/03_00734.txt
Train/annotations/03_00735.txt
Train/annotations/03_00736.txt
Train/annotations/03_00737.txt
Train/annotations/03_00738.txt
Train/annotations/03_00739.txt
Train/annotations/03_00740.txt
Train/annotations/03_00741.txt
Train/annotations/03_00742.txt
Train/annotations/03_00743.txt
Train/annotations/03_00744.txt
Train/annotations/03_00745.txt
Train/annotations/03_00746.txt
Train/annotations/03_00747.txt
Train/annotations/03_00748.txt
Train/annotations/03_00749.txt
Train/annotations/03_00750.txt
Train/annotations/03_00751.txt
Train/annotations/03_00752.txt
Train/annotations/03_00753.txt
Train/annotations/03_00765.txt
Train/annotations/03_00766.txt
Train/annotations/03_00767.txt
Train/annotations/03_00768.txt
Train/annotations/03_00769.txt
Train/annotations/03_00770.txt
Train/annotations/03_00771.txt
Train/annotations/03_00772.txt
Train/annotations/03_00773.txt
Train/annotations/03_00774.txt
Train/annotations/03_00775.txt
Train/annotations/03_00776.txt
Train/annotations/03_00777.txt
Train/annotations/03_00778.txt
Train/annotations/03_00779.txt
Train/annotations/03_00780.txt
Train/annotations/03_00781.txt
Train/annotations/03_00782.txt
Train/annotations/03_00783.txt
Train/annotations/03_00784.txt
Train/annotations/03_00785.txt
Train/annotations/03_00786.txt
Train/annotations/03_00787.txt
Train/annotations/03_00788.txt
Train/annotations/03_00789.txt
Train/annotations/03_00790.txt
Train/annotations/03_00791.txt
Train/annotations/03_00792.txt
Train/annotations/03_00793.txt
Train/annotations/03_00794.txt
Train/annotations/03_00795.txt
Train/annotations/03_00796.txt
Train/annotations/03_00797.txt
Train/annotations/03_00798.txt
Train/annotations/03_00799.txt
Train/annotations/03_00810.txt
Train/annotations/03_00811.txt
Train/annotations/03_00812.txt
Train/annotations/03_00813.txt
Train/annotations/03_00814.txt
Train/annotations/03_00815.txt
Train/annotations/03_00816.txt
Train/annotations/03_00817.txt
Train/annotations/03_00818.txt
Train/annotations/03_00819.txt
Train/annotations/03_00820.txt
Train/annotations/03_00821.txt
Train/annotations/03_00822.txt
Train/annotations/03_00823.txt
Train/annotations/03_00824.txt
Train/annotations/03_00825.txt
Train/annotations/03_00826.txt
Train/annotations/03_00827.txt
Train/annotations/03_00828.txt
Train/annotations/03_00829.txt
Train/annotations/03_00830.txt
Train/annotations/03_00831.txt
Train/annotations/03_00832.txt
Train/annotations/03_00833.txt
Train/annotations/03_00834.txt
Train/annotations/03_00835.txt
Train/annotations/03_00836.txt
Train/annotations/03_00837.txt
Train/annotations/03_00838.txt
Train/annotations/03_00839.txt
Train/annotations/03_00840.txt
Train/annotations/03_00841.txt
Train/annotations/03_00842.txt
Train/annotations/03_00843.txt
Train/annotations/03_00844.txt
Train/annotations/03_00845.txt
Train/annotations/03_00846.txt
Train/annotations/03_00847.txt
Train/annotations/03_00848.txt
Train/annotations/03_00849.txt
Train/annotations/03_00850.txt
Train/annotations/03_00851.txt
Train/annotations/05_00017.txt
Train/annotations/05_00018.txt
Train/annotations/05_00019.txt
Train/annotations/05_00020.txt
Train/annotations/05_00021.txt
Train/annotations/05_00022.txt
Train/annotations/05_00023.txt
Train/annotations/05_00024.txt
Train/annotations/05_00025.txt
Train/annotations/05_00026.txt
Train/annotations/05_00027.txt
Train/annotations/05_00028.txt
Train/annotations/05_00029.txt
Train/annotations/05_00030.txt
Train/annotations/05_00031.txt
Train/annotations/05_00032.txt
Train/annotations/05_00033.txt
Train/annotations/05_00034.txt
Train/annotations/05_00035.txt
Train/annotations/05_00036.txt
Train/annotations/05_00037.txt
Train/annotations/05_00038.txt
Train/annotations/05_00039.txt
Train/annotations/05_00040.txt
Train/annotations/05_00041.txt
Train/annotations/05_00042.txt
Train/annotations/05_00043.txt
Train/annotations/05_00044.txt
Train/annotations/05_00045.txt
Train/annotations/05_00046.txt
Train/annotations/05_00047.txt
Train/annotations/05_00048.txt
Train/annotations/05_00049.txt
Train/annotations/05_00050.txt
Train/annotations/05_00051.txt
Train/annotations/05_00052.txt
Train/annotations/05_00053.txt
Train/annotations/05_00054.txt
Train/annotations/05_00055.txt
Train/annotations/05_00056.txt
Train/annotations/05_00057.txt
Train/annotations/05_00058.txt
Train/annotations/05_00059.txt
Train/annotations/05_00060.txt
Train/annotations/05_00061.txt
Train/annotations/05_00062.txt
Train/annotations/05_00063.txt
Train/annotations/05_00064.txt
Train/annotations/05_00065.txt
Train/annotations/05_00066.txt
Train/annotations/05_00067.txt
Train/annotations/05_00068.txt
Train/annotations/05_00069.txt
Train/annotations/05_00070.txt
Train/annotations/05_00071.txt
Train/annotations/05_00072.txt
Train/annotations/05_00073.txt
Train/annotations/05_00074.txt
Train/annotations/05_00075.txt
Train/annotations/05_00076.txt
Train/annotations/05_00077.txt
Train/annotations/05_00078.txt
Train/annotations/05_00079.txt
Train/annotations/05_00080.txt
Train/annotations/05_00081.txt
Train/annotations/05_00082.txt
Train/annotations/05_00083.txt
Train/annotations/05_00084.txt
Train/annotations/05_00085.txt
Train/annotations/05_00086.txt
Train/annotations/05_00087.txt
Train/annotations/05_00088.txt
Train/annotations/05_00089.txt
Train/annotations/05_00090.txt
Train/annotations/05_00091.txt
Train/annotations/05_00092.txt
Train/annotations/05_00093.txt
Train/annotations/05_00094.txt
Train/annotations/05_00095.txt
Train/annotations/05_00096.txt
Train/annotations/05_00097.txt
Train/annotations/05_00098.txt
Train/annotations/05_00099.txt
Train/annotations/05_00100.txt
Train/annotations/05_00101.txt
Train/annotations/05_00102.txt
Train/annotations/05_00103.txt
Train/annotations/05_00104.txt
Train/annotations/05_00105.txt
Train/annotations/05_00106.txt
Train/annotations/05_00107.txt
Train/annotations/05_00108.txt
Train/annotations/05_00109.txt
Train/annotations/05_00110.txt
Train/annotations/05_00111.txt
Train/annotations/05_00112.txt
Train/annotations/05_00113.txt
Train/annotations/05_00114.txt
Train/annotations/05_00115.txt
Train/annotations/05_00116.txt
Train/annotations/05_00117.txt
Train/annotations/05_00118.txt
Train/annotations/05_00119.txt
Train/annotations/05_00120.txt
Train/annotations/05_00121.txt
Train/annotations/05_00122.txt
Train/annotations/05_00123.txt
Train/annotations/05_00124.txt
Train/annotations/05_00125.txt
Train/annotations/05_00126.txt
Train/annotations/05_00127.txt
Train/annotations/05_00128.txt
Train/annotations/05_00129.txt
Train/annotations/05_00130.txt
Train/annotations/05_00131.txt
Train/annotations/05_00132.txt
Train/annotations/05_00133.txt
Train/annotations/05_00134.txt
Train/annotations/05_00135.txt
Train/annotations/05_00136.txt
Train/annotations/05_00137.txt
Train/annotations/05_00138.txt
Train/annotations/05_00139.txt
Train/annotations/05_00140.txt
Train/annotations/05_00141.txt
Train/annotations/05_00142.txt
Train/annotations/05_00143.txt
Train/annotations/05_00144.txt
Train/annotations/05_00145.txt
Train/annotations/05_00146.txt
Train/annotations/05_00147.txt
Train/annotations/05_00148.txt
Train/annotations/05_00149.txt
Train/annotations/05_00150.txt
Train/annotations/05_00151.txt
Train/annotations/05_00152.txt
Train/annotations/05_00153.txt
Train/annotations/05_00154.txt
Train/annotations/05_00155.txt
Train/annotations/05_00156.txt
Train/annotations/05_00157.txt
Train/annotations/05_00158.txt
Train/annotations/05_00159.txt
Train/annotations/05_00160.txt
Train/annotations/05_00161.txt
Train/annotations/05_00162.txt
Train/annotations/05_00163.txt
Train/annotations/05_00164.txt
Train/annotations/05_00165.txt
Train/annotations/05_00166.txt
Train/annotations/05_00167.txt
Train/annotations/05_00168.txt
Train/annotations/05_00169.txt
Train/annotations/05_00170.txt
Train/annotations/05_00171.txt
Train/annotations/05_00172.txt
Train/annotations/05_00173.txt
Train/annotations/05_00174.txt
Train/annotations/05_00175.txt
Train/annotations/05_00176.txt
Train/annotations/05_00177.txt
Train/annotations/05_00178.txt
Train/annotations/05_00179.txt
Train/annotations/05_00180.txt
Train/annotations/05_00181.txt
Train/annotations/05_00182.txt
Train/annotations/05_00183.txt
Train/annotations/05_00184.txt
Train/annotations/05_00185.txt
Train/annotations/05_00186.txt
Train/annotations/05_00187.txt
Train/annotations/05_00188.txt
Train/annotations/05_00189.txt
Train/annotations/05_00190.txt
Train/annotations/05_00191.txt
Train/annotations/05_00192.txt
Train/annotations/05_00193.txt
Train/annotations/05_00194.txt
Train/annotations/05_00195.txt
Train/annotations/05_00196.txt
Train/annotations/05_00197.txt
Train/annotations/05_00198.txt
Train/annotations/05_00199.txt
Train/annotations/05_00200.txt
Train/annotations/05_00201.txt
Train/annotations/05_00202.txt
Train/annotations/05_00203.txt
Train/annotations/05_00204.txt
Train/annotations/05_00205.txt
Train/annotations/05_00206.txt
Train/annotations/05_00207.txt
Train/annotations/05_00208.txt
Train/annotations/05_00209.txt
Train/annotations/05_00210.txt
Train/annotations/05_00211.txt
Train/annotations/05_00212.txt
Train/annotations/05_00213.txt
Train/annotations/05_00214.txt
Train/annotations/05_00215.txt
Train/annotations/05_00216.txt
Train/annotations/05_00217.txt
Train/annotations/05_00218.txt
Train/annotations/05_00219.txt
Train/annotations/05_00220.txt
Train/annotations/05_00221.txt
Train/annotations/05_00222.txt
Train/annotations/05_00223.txt
Train/annotations/05_00224.txt
Train/annotations/05_00225.txt
Train/annotations/05_00226.txt
Train/annotations/05_00227.txt
Train/annotations/05_00228.txt
Train/annotations/05_00229.txt
Train/annotations/05_00230.txt
Train/annotations/05_00231.txt
Train/annotations/05_00232.txt
Train/annotations/05_00233.txt
Train/annotations/05_00234.txt
Train/annotations/05_00235.txt
Train/annotations/05_00236.txt
Train/annotations/05_00237.txt
Train/annotations/05_00238.txt
Train/annotations/05_00239.txt
Train/annotations/05_00240.txt
Train/annotations/05_00241.txt
Train/annotations/05_00242.txt
Train/annotations/05_00243.txt
Train/annotations/05_00244.txt
Train/annotations/05_00245.txt
Train/annotations/05_00246.txt
Train/annotations/05_00247.txt
Train/annotations/05_00248.txt
Train/annotations/05_00249.txt
Train/annotations/05_00250.txt
Train/annotations/05_00251.txt
Train/annotations/05_00252.txt
Train/annotations/05_00253.txt
Train/annotations/05_00254.txt
Train/annotations/05_00255.txt
Train/annotations/05_00256.txt
Train/annotations/05_00257.txt
Train/annotations/05_00258.txt
Train/annotations/05_00259.txt
Train/annotations/05_00260.txt
Train/annotations/05_00261.txt
Train/annotations/05_00262.txt
Train/annotations/05_00263.txt
Train/annotations/05_00264.txt
Train/annotations/05_00265.txt
Train/annotations/05_00266.txt
Train/annotations/05_00267.txt
Train/annotations/05_00268.txt
Train/annotations/05_00269.txt
Train/annotations/05_00270.txt
Train/annotations/05_00271.txt
Train/annotations/05_00272.txt
Train/annotations/05_00273.txt
Train/annotations/05_00274.txt
Train/annotations/05_00275.txt
Train/annotations/05_00276.txt
Train/annotations/05_00277.txt
Train/annotations/05_00278.txt
Train/annotations/05_00279.txt
Train/annotations/05_00280.txt
Train/annotations/05_00281.txt
Train/annotations/05_00282.txt
Train/annotations/05_00283.txt
Train/annotations/05_00284.txt
Train/annotations/05_00285.txt
Train/annotations/05_00286.txt
Train/annotations/05_00287.txt
Train/annotations/05_00288.txt
Train/annotations/05_00289.txt
Train/annotations/05_00290.txt
Train/annotations/05_00291.txt
Train/annotations/05_00292.txt
Train/annotations/05_00293.txt
Train/annotations/05_00294.txt
Train/annotations/05_00295.txt
Train/annotations/05_00296.txt
Train/annotations/05_00297.txt
Train/annotations/05_00298.txt
Train/annotations/05_00299.txt
Train/annotations/05_00300.txt
Train/annotations/05_00301.txt
Train/annotations/05_00302.txt
Train/annotations/05_00303.txt
Train/annotations/05_00304.txt
Train/annotations/05_00305.txt
Train/annotations/05_00306.txt
Train/annotations/05_00307.txt
Train/annotations/05_00308.txt
Train/annotations/05_00309.txt
Train/annotations/05_00310.txt
Train/annotations/05_00311.txt
Train/annotations/05_00312.txt
Train/annotations/05_00313.txt
Train/annotations/05_00314.txt
Train/annotations/05_00315.txt
Train/annotations/05_00316.txt
Train/annotations/05_00317.txt
Train/annotations/05_00318.txt
Train/annotations/05_00319.txt
Train/annotations/05_00320.txt
Train/annotations/05_00321.txt
Train/annotations/05_00322.txt
Train/annotations/05_00323.txt
Train/annotations/05_00324.txt
Train/annotations/05_00325.txt
Train/annotations/05_00326.txt
Train/annotations/05_00327.txt
Train/annotations/05_00328.txt
Train/annotations/05_00329.txt
Train/annotations/05_00330.txt
Train/annotations/05_00331.txt
Train/annotations/05_00332.txt
Train/annotations/05_00333.txt
Train/annotations/05_00334.txt
Train/annotations/05_00335.txt
Train/annotations/05_00336.txt
Train/annotations/05_00337.txt
Train/annotations/05_00338.txt
Train/annotations/05_00339.txt
Train/annotations/05_00340.txt
Train/annotations/05_00341.txt
Train/annotations/05_00342.txt
Train/annotations/05_00343.txt
Train/annotations/05_00344.txt
Train/annotations/05_00345.txt
Train/annotations/05_00346.txt
Train/annotations/05_00347.txt
Train/annotations/05_00348.txt
Train/annotations/05_00349.txt
Train/annotations/05_00350.txt
Train/annotations/05_00351.txt
Train/annotations/05_00352.txt
Train/annotations/05_00353.txt
Train/annotations/05_00354.txt
Train/annotations/05_00355.txt
Train/annotations/05_00356.txt
Train/annotations/05_00357.txt
Train/annotations/05_00358.txt
Train/annotations/05_00359.txt
Train/annotations/05_00360.txt
Train/annotations/05_00361.txt
Train/annotations/05_00362.txt
Train/annotations/05_00363.txt
Train/annotations/05_00364.txt
Train/annotations/05_00365.txt
Train/annotations/05_00366.txt
Train/annotations/05_00367.txt
Train/annotations/05_00368.txt
Train/annotations/05_00369.txt
Train/annotations/05_00370.txt
Train/annotations/05_00371.txt
Train/annotations/05_00372.txt
Train/annotations/05_00373.txt
Train/annotations/05_00374.txt
Train/annotations/05_00375.txt
Train/annotations/05_00376.txt
Train/annotations/05_00377.txt
Train/annotations/05_00378.txt
Train/annotations/05_00379.txt
Train/annotations/05_00380.txt
Train/annotations/05_00381.txt
Train/annotations/05_00382.txt
Train/annotations/05_00383.txt
Train/annotations/05_00384.txt
Train/annotations/05_00385.txt
Train/annotations/05_00386.txt
Train/annotations/05_00387.txt
Train/annotations/05_00388.txt
Train/annotations/05_00389.txt
Train/annotations/05_00390.txt
Train/annotations/05_00391.txt
Train/annotations/05_00392.txt
Train/annotations/05_00393.txt
Train/annotations/05_00394.txt
Train/annotations/05_00395.txt
Train/annotations/05_00396.txt
Train/annotations/05_00397.txt
Train/annotations/05_00398.txt
Train/annotations/05_00399.txt
Train/annotations/05_00400.txt
Train/annotations/05_00401.txt
Train/annotations/05_00402.txt
Train/annotations/05_00403.txt
Train/annotations/05_00404.txt
Train/annotations/05_00405.txt
Train/annotations/05_00406.txt
Train/annotations/05_00407.txt
Train/annotations/05_00408.txt
Train/annotations/05_00409.txt
Train/annotations/05_00410.txt
Train/annotations/05_00411.txt
Train/annotations/05_00412.txt
Train/annotations/05_00413.txt
Train/annotations/05_00414.txt
Train/annotations/05_00415.txt
Train/annotations/05_00416.txt
Train/annotations/05_00417.txt
Train/annotations/05_00418.txt
Train/annotations/05_00419.txt
Train/annotations/05_00420.txt
Train/annotations/05_00421.txt
Train/annotations/05_00422.txt
Train/annotations/05_00423.txt
Train/annotations/05_00424.txt
Train/annotations/05_00425.txt
Train/annotations/05_00426.txt
Train/annotations/05_00427.txt
Train/annotations/05_00428.txt
Train/annotations/05_00429.txt
Train/annotations/05_00430.txt
Train/annotations/05_00431.txt
Train/annotations/05_00432.txt
Train/annotations/05_00433.txt
Train/annotations/05_00434.txt
Train/annotations/05_00435.txt
Train/annotations/05_00436.txt
Train/annotations/05_00437.txt
Train/annotations/05_00438.txt
Train/annotations/05_00439.txt
Train/annotations/05_00440.txt
Train/annotations/05_00441.txt
Train/annotations/05_00442.txt
Train/annotations/05_00443.txt
Train/annotations/05_00444.txt
Train/annotations/05_00445.txt
Train/annotations/05_00446.txt
Train/annotations/05_00447.txt
Train/annotations/05_00448.txt
Train/annotations/05_00449.txt
Train/annotations/05_00450.txt
Train/annotations/05_00451.txt
Train/annotations/05_00452.txt
Train/annotations/05_00453.txt
Train/annotations/05_00454.txt
Train/annotations/05_00455.txt
Train/annotations/05_00456.txt
Train/annotations/05_00457.txt
Train/annotations/05_00458.txt
Train/annotations/05_00459.txt
Train/annotations/05_00460.txt
Train/annotations/05_00461.txt
Train/annotations/05_00462.txt
Train/annotations/05_00463.txt
Train/annotations/05_00464.txt
Train/annotations/05_00465.txt
Train/annotations/05_00466.txt
Train/annotations/05_00467.txt
Train/annotations/05_00468.txt
Train/annotations/05_00469.txt
Train/annotations/05_00470.txt
Train/annotations/05_00471.txt
Train/annotations/05_00472.txt
Train/annotations/05_00473.txt
Train/annotations/05_00474.txt
Train/annotations/05_00475.txt
Train/annotations/05_00476.txt
Train/annotations/05_00477.txt
Train/annotations/05_00478.txt
Train/annotations/05_00479.txt
Train/annotations/05_00480.txt
Train/annotations/06_00001.txt
Train/annotations/06_00002.txt
Train/annotations/06_00003.txt
Train/annotations/06_00004.txt
Train/annotations/06_00005.txt
Train/annotations/06_00006.txt
Train/annotations/06_00007.txt
Train/annotations/06_00008.txt
Train/annotations/06_00009.txt
Train/annotations/06_00010.txt
Train/annotations/06_00011.txt
Train/annotations/06_00012.txt
Train/annotations/06_00013.txt
Train/annotations/06_00014.txt
Train/annotations/06_00015.txt
Train/annotations/06_00016.txt
Train/annotations/06_00017.txt
Train/annotations/06_00018.txt
Train/annotations/06_00019.txt
Train/annotations/06_00020.txt
Train/annotations/06_00021.txt
Train/annotations/06_00022.txt
Train/annotations/06_00023.txt
Train/annotations/06_00024.txt
Train/annotations/06_00025.txt
Train/annotations/06_00026.txt
Train/annotations/06_00027.txt
Train/annotations/06_00028.txt
Train/annotations/06_00029.txt
Train/annotations/06_00030.txt
Train/annotations/06_00031.txt
Train/annotations/06_00032.txt
Train/annotations/06_00033.txt
Train/annotations/06_00034.txt
Train/annotations/06_00035.txt
Train/annotations/06_00036.txt
Train/annotations/06_00037.txt
Train/annotations/06_00038.txt
Train/annotations/06_00039.txt
Train/annotations/06_00040.txt
Train/annotations/06_00041.txt
Train/annotations/06_00042.txt
Train/annotations/06_00043.txt
Train/annotations/06_00044.txt
Train/annotations/06_00045.txt
Train/annotations/06_00046.txt
Train/annotations/06_00047.txt
Train/annotations/06_00048.txt
Train/annotations/06_00049.txt
Train/annotations/06_00050.txt
Train/annotations/06_00051.txt
Train/annotations/06_00375.txt
Train/annotations/06_00376.txt
Train/annotations/06_00377.txt
Train/annotations/06_00378.txt
Train/annotations/06_00379.txt
Train/annotations/06_00380.txt
Train/annotations/06_00381.txt
Train/annotations/06_00382.txt
Train/annotations/06_00383.txt
Train/annotations/06_00384.txt
Train/annotations/06_00385.txt
Train/annotations/06_00386.txt
Train/annotations/06_00387.txt
Train/annotations/06_00388.txt
Train/annotations/06_00389.txt
Train/annotations/06_00390.txt
Train/annotations/06_00391.txt
Train/annotations/06_00392.txt
Train/annotations/06_00393.txt
Train/annotations/06_00394.txt
Train/annotations/06_00395.txt
Train/annotations/06_00396.txt
Train/annotations/06_00397.txt
Train/annotations/06_00398.txt
Train/annotations/06_00399.txt
Train/annotations/06_00400.txt
Train/annotations/06_00401.txt
Train/annotations/06_00402.txt
Train/annotations/06_00403.txt
Train/annotations/06_00404.txt
Train/annotations/06_00405.txt
Train/annotations/06_00406.txt
Train/annotations/06_00407.txt
Train/annotations/06_00408.txt
Train/annotations/06_00409.txt
Train/annotations/06_00410.txt
Train/annotations/06_00411.txt
Train/annotations/06_00412.txt
Train/annotations/06_00413.txt
Train/annotations/06_00414.txt
Train/annotations/06_00415.txt
Train/annotations/06_00416.txt
Train/annotations/06_00417.txt
Train/annotations/06_00418.txt
Train/annotations/06_00419.txt
Train/annotations/06_00420.txt
Train/annotations/06_00421.txt
Train/annotations/06_00422.txt
Train/annotations/06_00423.txt
Train/annotations/06_00424.txt
Train/annotations/06_00425.txt
Train/annotations/06_00426.txt
Train/annotations/06_00427.txt
Train/annotations/06_00428.txt
Train/annotations/06_00429.txt
Train/annotations/06_00430.txt
Train/annotations/06_00431.txt
Train/annotations/06_00432.txt
Train/annotations/06_00433.txt
Train/annotations/06_00434.txt
Train/annotations/06_00435.txt
Train/annotations/06_00436.txt
Train/annotations/06_00437.txt
Train/annotations/06_00438.txt
Train/annotations/06_00439.txt
Train/annotations/06_00440.txt
Train/annotations/06_00441.txt
Train/annotations/06_00442.txt
Train/annotations/06_00443.txt
Train/annotations/06_00444.txt
Train/annotations/06_00445.txt
Train/annotations/06_00446.txt
Train/annotations/06_00447.txt
Train/annotations/06_00448.txt
Train/annotations/06_00449.txt
Train/annotations/06_00450.txt
Train/annotations/06_00451.txt
Train/annotations/06_00452.txt
Train/annotations/06_00453.txt
Train/annotations/06_00454.txt
Train/annotations/06_00455.txt
Train/annotations/06_00456.txt
Train/annotations/06_00457.txt
Train/annotations/06_00458.txt
Train/annotations/06_00459.txt
Train/annotations/06_00460.txt
Train/annotations/06_00461.txt
Train/annotations/06_00462.txt
Train/annotations/06_00463.txt
Train/annotations/06_00464.txt
Train/annotations/06_00465.txt
Train/annotations/06_00466.txt
Train/annotations/06_00467.txt
Train/annotations/06_00468.txt
Train/annotations/06_00469.txt
Train/annotations/06_00470.txt
Train/annotations/06_00471.txt
Train/annotations/06_00472.txt
Train/annotations/06_00473.txt
Train/annotations/06_00474.txt
Train/annotations/06_00475.txt
Train/annotations/06_00476.txt
Train/annotations/06_00477.txt
Train/annotations/06_00478.txt
Train/annotations/06_00479.txt
Train/annotations/06_00480.txt
Train/annotations/06_00481.txt
Train/annotations/06_00482.txt
Train/annotations/06_00483.txt
Train/annotations/06_00484.txt
Train/annotations/06_00485.txt
Train/annotations/06_00486.txt
Train/annotations/06_00487.txt
Train/annotations/06_00488.txt
Train/annotations/06_00489.txt
Train/annotations/06_00490.txt
Train/annotations/06_00491.txt
Train/annotations/06_00492.txt
Train/annotations/06_00493.txt
Train/annotations/06_00494.txt
Train/annotations/06_00495.txt
Train/annotations/06_00496.txt
Train/annotations/06_00497.txt
Train/annotations/06_00498.txt
Train/annotations/06_00499.txt
Train/annotations/06_00500.txt
Train/annotations/06_00501.txt
Train/annotations/06_00502.txt
Train/annotations/06_00503.txt
Train/annotations/06_00504.txt
Train/annotations/06_00505.txt
Train/annotations/06_00506.txt
Train/annotations/06_00507.txt
Train/annotations/06_00508.txt
Train/annotations/06_00509.txt
Train/annotations/06_00510.txt
Train/annotations/06_00511.txt
Train/annotations/06_00512.txt
Train/annotations/06_00513.txt
Train/annotations/06_00514.txt
Train/annotations/06_00515.txt
Train/annotations/06_00516.txt
Train/annotations/06_00517.txt
Train/annotations/06_00518.txt
Train/annotations/06_00519.txt
Train/annotations/06_00520.txt
Train/annotations/06_00521.txt
Train/annotations/06_00522.txt
Train/annotations/06_00523.txt
Train/annotations/06_00524.txt
Train/annotations/06_00525.txt
Train/annotations/06_00526.txt
Train/annotations/06_00527.txt
Train/annotations/06_00528.txt
Train/annotations/06_00529.txt
Train/annotations/06_00530.txt
Train/annotations/06_00531.txt
Train/annotations/06_00532.txt
Train/annotations/06_00533.txt
Train/annotations/06_00534.txt
Train/annotations/06_00535.txt
Train/annotations/06_00536.txt
Train/annotations/06_00537.txt
Train/annotations/06_00538.txt
Train/annotations/06_00539.txt
Train/annotations/06_00540.txt
Train/annotations/06_00541.txt
Train/annotations/06_00542.txt
Train/annotations/06_00543.txt
Train/annotations/06_00544.txt
Train/annotations/06_00545.txt
Train/annotations/06_00546.txt
Train/annotations/06_00547.txt
Train/annotations/06_00548.txt
Train/annotations/06_00549.txt
Train/annotations/06_00550.txt
Train/annotations/06_00551.txt
Train/annotations/06_00552.txt
Train/annotations/06_00553.txt
Train/annotations/06_00554.txt
Train/annotations/06_00555.txt
Train/annotations/06_00556.txt
Train/annotations/06_00557.txt
Train/annotations/06_00558.txt
Train/annotations/06_00559.txt
Train/annotations/06_00560.txt
Train/annotations/06_00561.txt
Train/annotations/06_00562.txt
Train/annotations/06_00563.txt
Train/annotations/06_00564.txt
Train/annotations/06_00565.txt
Train/annotations/06_00566.txt
Train/annotations/06_00567.txt
Train/annotations/06_00568.txt
Train/annotations/06_00569.txt
Train/annotations/06_00570.txt
Train/annotations/06_00571.txt
Train/annotations/06_00572.txt
Train/annotations/06_00573.txt
Train/annotations/06_00574.txt
Train/annotations/06_00575.txt
Train/annotations/06_00576.txt
Train/annotations/06_00577.txt
Train/annotations/06_00578.txt
Train/annotations/06_00579.txt
Train/annotations/06_00580.txt
Train/annotations/06_00581.txt
Train/annotations/06_00582.txt
Train/annotations/06_00583.txt
Train/annotations/06_00584.txt
Train/annotations/06_00585.txt
Train/annotations/06_00586.txt
Train/annotations/06_00587.txt
Train/annotations/06_00588.txt
Train/annotations/06_00589.txt
Train/annotations/06_00590.txt
Train/annotations/06_00591.txt
Train/annotations/06_00592.txt
Train/annotations/06_00593.txt
Train/annotations/06_00594.txt
Train/annotations/06_00595.txt
Train/annotations/06_00596.txt
Train/annotations/06_00597.txt
Train/annotations/06_00598.txt
Train/annotations/06_00599.txt
Train/annotations/06_00600.txt
Train/annotations/06_00601.txt
Train/annotations/06_00602.txt
Train/annotations/06_00603.txt
Train/annotations/06_00604.txt
Train/annotations/06_00605.txt
Train/annotations/06_00606.txt
Train/annotations/06_00607.txt
Train/annotations/06_00608.txt
Train/annotations/06_00609.txt
Train/annotations/06_00610.txt
Train/annotations/06_00611.txt
Train/annotations/06_00612.txt
Train/annotations/06_00613.txt
Train/annotations/06_00614.txt
Train/annotations/06_00615.txt
Train/annotations/06_00616.txt
Train/annotations/06_00617.txt
Train/annotations/06_00618.txt
Train/annotations/06_00619.txt
Train/annotations/06_00620.txt
Train/annotations/06_00621.txt
Train/annotations/06_00622.txt
Train/annotations/06_00623.txt
Train/annotations/06_00624.txt
Train/annotations/06_00625.txt
Train/annotations/06_00626.txt
Train/annotations/06_00627.txt
Train/annotations/06_00628.txt
Train/annotations/06_00629.txt
Train/annotations/06_00630.txt
Train/annotations/06_00631.txt
Train/annotations/06_00632.txt
Train/annotations/06_00633.txt
Train/annotations/06_00634.txt
Train/annotations/06_00635.txt
Train/annotations/06_00636.txt
Train/annotations/06_00637.txt
Train/annotations/06_00638.txt
Train/annotations/06_00639.txt
Train/annotations/06_00640.txt
Train/annotations/06_00641.txt
Train/annotations/06_00642.txt
Train/annotations/06_00643.txt
Train/annotations/06_00644.txt
Train/annotations/06_00645.txt
Train/annotations/06_00646.txt
Train/annotations/06_00647.txt
Train/annotations/06_00648.txt
Train/annotations/06_00649.txt
Train/annotations/06_00650.txt
Train/annotations/06_00651.txt
Train/annotations/06_00652.txt
Train/annotations/06_00653.txt
Train/annotations/06_00654.txt
Train/annotations/06_00655.txt
Train/annotations/06_00656.txt
Train/annotations/06_00657.txt
Train/annotations/06_00658.txt
Train/annotations/06_00659.txt
Train/annotations/06_00660.txt
Train/annotations/06_00661.txt
Train/annotations/06_00662.txt
Train/annotations/06_00663.txt
Train/annotations/06_00664.txt
Train/annotations/06_00665.txt
Train/annotations/06_00666.txt
Train/annotations/06_00667.txt
Train/annotations/06_00668.txt
Train/annotations/06_00669.txt
Train/annotations/06_00670.txt
Train/annotations/06_00671.txt
Train/annotations/06_00672.txt
Train/annotations/06_00673.txt
Train/annotations/06_00674.txt
Train/annotations/06_00675.txt
Train/annotations/06_00676.txt
Train/annotations/06_00677.txt
Train/annotations/06_00678.txt
Train/annotations/06_00679.txt
Train/annotations/06_00680.txt
Train/annotations/06_00681.txt
Train/annotations/06_00682.txt
Train/annotations/06_00683.txt
Train/annotations/06_00684.txt
Train/annotations/06_00685.txt
Train/annotations/06_00686.txt
Train/annotations/06_00687.txt
Train/annotations/06_00688.txt
Train/annotations/06_00689.txt
Train/annotations/06_00690.txt
Train/annotations/06_00691.txt
Train/annotations/06_00692.txt
Train/annotations/06_00693.txt
Train/annotations/06_00694.txt
Train/annotations/06_00695.txt
Train/annotations/06_00696.txt
Train/annotations/06_00697.txt
Train/annotations/06_00698.txt
Train/annotations/06_00699.txt
Train/annotations/06_00700.txt
Train/annotations/06_00701.txt
Train/annotations/06_00702.txt
Train/annotations/06_00703.txt
Train/annotations/06_00704.txt
Train/annotations/06_00705.txt
Train/annotations/06_00706.txt
Train/annotations/06_00707.txt
Train/annotations/06_00708.txt
Train/annotations/06_00709.txt
Train/annotations/06_00710.txt
Train/annotations/06_00711.txt
Train/annotations/06_00712.txt
Train/annotations/06_00713.txt
Train/annotations/06_00714.txt
Train/annotations/06_00715.txt
Train/annotations/06_00716.txt
Train/annotations/06_00717.txt
Train/annotations/06_00718.txt
Train/annotations/06_00719.txt
Train/annotations/06_00720.txt
Train/annotations/06_00721.txt
Train/annotations/06_00722.txt
Train/annotations/06_00723.txt
Train/annotations/06_00724.txt
Train/annotations/06_00725.txt
Train/annotations/06_00726.txt
Train/annotations/06_00727.txt
Train/annotations/06_00728.txt
Train/annotations/06_00729.txt
Train/annotations/06_00730.txt
Train/annotations/06_00731.txt
Train/annotations/06_00732.txt
Train/annotations/06_00733.txt
Train/annotations/06_00734.txt
Train/annotations/06_00735.txt
Train/annotations/06_00736.txt
Train/annotations/06_00737.txt
Train/annotations/06_00738.txt
Train/annotations/06_00739.txt
Train/annotations/06_00740.txt
Train/annotations/06_00741.txt
Train/annotations/06_00742.txt
Train/annotations/06_00743.txt
Train/annotations/06_00744.txt
Train/annotations/06_00745.txt
Train/annotations/06_00746.txt
Train/annotations/06_00747.txt
Train/annotations/06_00748.txt
Train/annotations/06_00749.txt
Train/annotations/06_00750.txt
Train/annotations/06_00751.txt
Train/annotations/06_00752.txt
Train/annotations/06_00753.txt
Train/annotations/06_00754.txt
Train/annotations/06_00755.txt
Train/annotations/06_00756.txt
Train/annotations/06_00757.txt
Train/annotations/06_00758.txt
Train/annotations/06_00759.txt
Train/annotations/06_00760.txt
Train/annotations/06_00761.txt
Train/annotations/06_00762.txt
Train/annotations/06_00763.txt
Train/annotations/06_00764.txt
Train/annotations/06_00765.txt
Train/annotations/06_00766.txt
Train/annotations/06_00767.txt
Train/annotations/06_00768.txt
Train/annotations/06_00769.txt
Train/annotations/06_00770.txt
Train/annotations/06_00771.txt
Train/annotations/06_00772.txt
Train/annotations/06_00773.txt
Train/annotations/06_00774.txt
Train/annotations/06_00775.txt
Train/annotations/06_00776.txt
Train/annotations/06_00777.txt
Train/annotations/06_00778.txt
Train/annotations/06_00779.txt
Train/annotations/06_00780.txt
Train/annotations/06_00781.txt
Train/annotations/06_00782.txt
Train/annotations/06_00783.txt
Train/annotations/06_00784.txt
Train/annotations/06_00785.txt
Train/annotations/06_00786.txt
Train/annotations/06_00787.txt
Train/annotations/06_00788.txt
Train/annotations/06_00789.txt
Train/annotations/06_00790.txt
Train/annotations/06_00791.txt
Train/annotations/06_00792.txt
Train/annotations/06_00793.txt
Train/annotations/06_00794.txt
Train/annotations/06_00795.txt
Train/annotations/06_00796.txt
Train/annotations/06_00797.txt
Train/annotations/06_00798.txt
Train/annotations/06_00799.txt
Train/annotations/06_00800.txt
Train/annotations/06_00801.txt
Train/annotations/06_00802.txt
Train/annotations/06_00803.txt
Train/annotations/06_00804.txt
Train/annotations/06_00805.txt
Train/annotations/06_00806.txt
Train/annotations/06_00807.txt
Train/annotations/06_00808.txt
Train/annotations/06_00809.txt
Train/annotations/06_00810.txt
Train/annotations/06_00811.txt
Train/annotations/06_00812.txt
Train/annotations/06_00813.txt
Train/annotations/06_00814.txt
Train/annotations/06_00815.txt
Train/annotations/06_00816.txt
Train/annotations/06_00817.txt
Train/annotations/06_00818.txt
Train/annotations/06_00819.txt
Train/annotations/06_00820.txt
Train/annotations/06_00821.txt
Train/annotations/06_00822.txt
Train/annotations/06_00823.txt
Train/annotations/06_00824.txt
Train/annotations/06_00825.txt
Train/annotations/06_00826.txt
Train/annotations/06_00827.txt
Train/annotations/06_00828.txt
Train/annotations/06_00829.txt
Train/annotations/06_00830.txt
Train/annotations/06_00831.txt
Train/annotations/06_00832.txt
Train/annotations/06_00833.txt
Train/annotations/06_00834.txt
Train/annotations/06_00835.txt
Train/annotations/06_00836.txt
Train/annotations/06_00837.txt
Train/annotations/06_00838.txt
Train/annotations/06_00839.txt
Train/annotations/06_00840.txt
Train/annotations/06_00841.txt
Train/annotations/06_00842.txt
Train/annotations/06_00843.txt
Train/annotations/06_00844.txt
Train/annotations/06_00845.txt
Train/annotations/06_00846.txt
Train/annotations/06_00847.txt
Train/annotations/06_00848.txt
Train/annotations/06_00849.txt
Train/annotations/06_00850.txt
Train/annotations/06_00851.txt
Train/annotations/06_00852.txt
Train/annotations/06_00853.txt
Train/annotations/06_00854.txt
Train/annotations/06_00855.txt
Train/annotations/06_00856.txt
Train/annotations/06_00857.txt
Train/annotations/06_00858.txt
Train/annotations/06_00859.txt
Train/annotations/06_00860.txt
Train/annotations/06_00861.txt
Train/annotations/06_00862.txt
Train/annotations/06_00863.txt
Train/annotations/06_00864.txt
Train/annotations/06_00865.txt
Train/annotations/06_00866.txt
Train/annotations/06_00867.txt
Train/annotations/06_00868.txt
Train/annotations/06_00869.txt
Train/annotations/06_00870.txt
Train/annotations/06_00871.txt
Train/annotations/06_00872.txt
Train/annotations/06_00873.txt
Train/annotations/06_00874.txt
Train/annotations/06_00875.txt
Train/annotations/06_00876.txt
Train/annotations/06_00877.txt
Train/annotations/06_00878.txt
Train/annotations/06_00879.txt
Train/annotations/06_00880.txt
Train/annotations/06_00881.txt
Train/annotations/06_00882.txt
Train/annotations/06_00883.txt
Train/annotations/06_00884.txt
Train/annotations/06_00885.txt
Train/annotations/06_00886.txt
Train/annotations/06_00887.txt
Train/annotations/06_00888.txt
Train/annotations/06_00889.txt
Train/annotations/06_00890.txt
Train/annotations/06_00891.txt
Train/annotations/06_00892.txt
Train/annotations/06_00893.txt
Train/annotations/06_00894.txt
Train/annotations/06_00895.txt
Train/annotations/06_00896.txt
Train/annotations/06_00897.txt
Train/annotations/06_00898.txt
Train/annotations/06_00899.txt
Train/annotations/06_00900.txt
Train/annotations/06_00901.txt
Train/annotations/06_00902.txt
Train/annotations/06_00903.txt
Train/annotations/06_00904.txt
Train/annotations/06_00905.txt
Train/annotations/06_00906.txt
Train/annotations/06_00907.txt
Train/annotations/06_00908.txt
Train/annotations/06_00909.txt
Train/annotations/06_00910.txt
Train/annotations/06_00911.txt
Train/annotations/06_00912.txt
Train/annotations/06_00913.txt
Train/annotations/06_00914.txt
Train/annotations/06_00915.txt
Train/annotations/06_00916.txt
Train/annotations/06_00917.txt
Train/annotations/06_00918.txt
Train/annotations/06_00919.txt
Train/annotations/06_00920.txt
Train/annotations/06_00921.txt
Train/annotations/06_00922.txt
Train/annotations/06_00923.txt
Train/annotations/06_00924.txt
Train/annotations/06_00925.txt
Train/annotations/06_00926.txt
Train/annotations/06_00927.txt
Train/annotations/06_00928.txt
Train/annotations/06_00929.txt
Train/annotations/06_00930.txt
Train/annotations/06_00931.txt
Train/annotations/06_00932.txt
Train/annotations/06_00933.txt
Train/annotations/06_00934.txt
Train/annotations/06_00935.txt
Train/annotations/06_00936.txt
Train/annotations/06_00937.txt
Train/annotations/06_00938.txt
Train/annotations/06_00939.txt
Train/annotations/06_00940.txt
Train/annotations/06_00941.txt
Train/annotations/06_00942.txt
Train/annotations/06_00943.txt
Train/annotations/06_00944.txt
Train/annotations/06_00945.txt
Train/annotations/06_00946.txt
Train/annotations/06_00947.txt
Train/annotations/06_00948.txt
Train/annotations/06_00949.txt
Train/annotations/06_00950.txt
Train/annotations/06_00951.txt
Train/annotations/06_00952.txt
Train/annotations/06_00953.txt
Train/annotations/06_00954.txt
Train/annotations/06_00955.txt
Train/annotations/06_00956.txt
Train/annotations/06_00957.txt
Train/annotations/06_00958.txt
Train/annotations/06_00959.txt
Train/annotations/06_00960.txt
Train/annotations/06_00961.txt
Train/annotations/06_00962.txt
Train/annotations/06_00963.txt
Train/annotations/06_00964.txt
Train/annotations/06_00965.txt
Train/annotations/06_00966.txt
Train/annotations/06_00967.txt
Train/annotations/06_00968.txt
Train/annotations/06_00969.txt
Train/annotations/06_00970.txt
Train/annotations/06_00971.txt
Train/annotations/06_00972.txt
Train/annotations/06_00973.txt
Train/annotations/06_00974.txt
Train/annotations/06_00975.txt
Train/annotations/06_00976.txt
Train/annotations/06_00977.txt
Train/annotations/06_00978.txt
Train/annotations/06_00979.txt
Train/annotations/06_00980.txt
Train/annotations/06_00981.txt
Train/annotations/06_00982.txt
Train/annotations/06_00983.txt
Train/annotations/06_00984.txt
Train/annotations/06_00985.txt
Train/annotations/06_00986.txt
Train/annotations/06_00987.txt
Train/annotations/06_00988.txt
Train/annotations/06_00989.txt
Train/annotations/06_00990.txt
Train/annotations/06_00991.txt
Train/annotations/06_00992.txt
Train/annotations/06_00993.txt
Train/annotations/06_00994.txt
Train/annotations/06_00995.txt
Train/annotations/06_00996.txt
Train/annotations/06_00997.txt
Train/annotations/06_00998.txt
Train/annotations/06_00999.txt
Train/annotations/06_01000.txt
